<html>
<body>
<pre>
<h1>µVision Build Log</h1>
<h2>Tool Versions:</h2>
IDE-Version: ¦ÌVision V5.22.0.0
Copyright (C) 2016 ARM Ltd and ARM Germany GmbH. All rights reserved.
License Information: 1 2, 3, LIC=TIVNB-2BTZL-9UH4U-SYV19-5CILR-HJJX1
 
Tool Versions:
Toolchain:       MDK-ARM Plus  Version: 5.22
Toolchain Path:  C:\Keil_v5\ARM\ARMCC\Bin
C Compiler:      Armcc.exe V5.06 update 4 (build 422)
Assembler:       Armasm.exe V5.06 update 4 (build 422)
Linker/Locator:  ArmLink.exe V5.06 update 4 (build 422)
Library Manager: ArmAr.exe V5.06 update 4 (build 422)
Hex Converter:   FromElf.exe V5.06 update 4 (build 422)
CPU DLL:         SARMCM3.DLL V5.22
Dialog DLL:      DCM.DLL V1.13.9.0
Target DLL:      lmidk-agdi.dll V???
Dialog DLL:      TCM.DLL V1.21.0.0
 
<h2>Project:</h2>
d:\S800\Project\exp2.uvprojx
Project File Date:  06/12/2021

<h2>Output:</h2>
*** Using Compiler 'V5.06 update 4 (build 422)', folder: 'C:\Keil_v5\ARM\ARMCC\Bin'
Rebuild target 'Target 1'
assembling startup_TM4C129.s...
compiling system_TM4C129.c...
compiling exp2-1.c...
exp2-1.c(143): warning:  #68-D: integer conversion resulted in a change of sign
  	{-2,
exp2-1.c(147): warning:  #68-D: integer conversion resulted in a change of sign
  	{-2,
exp2-1.c(151): warning:  #68-D: integer conversion resulted in a change of sign
  	{-2,
exp2-1.c(155): warning:  #68-D: integer conversion resulted in a change of sign
  	{-2,
exp2-1.c(159): warning:  #68-D: integer conversion resulted in a change of sign
  	{-2,
exp2-1.c(163): warning:  #68-D: integer conversion resulted in a change of sign
  	{-2,
exp2-1.c(167): warning:  #68-D: integer conversion resulted in a change of sign
  	{-2,
exp2-1.c(171): warning:  #68-D: integer conversion resulted in a change of sign
  	{-2,
exp2-1.c(175): warning:  #68-D: integer conversion resulted in a change of sign
  	{-2,
exp2-1.c(179): warning:  #68-D: integer conversion resulted in a change of sign
  	{-2,
exp2-1.c(183): warning:  #68-D: integer conversion resulted in a change of sign
  	{-2,
exp2-1.c(187): warning:  #68-D: integer conversion resulted in a change of sign
  	{-2,
exp2-1.c(191): warning:  #68-D: integer conversion resulted in a change of sign
  	{-2,
exp2-1.c(195): warning:  #68-D: integer conversion resulted in a change of sign
  	{-2,
exp2-1.c(199): warning:  #68-D: integer conversion resulted in a change of sign
  	{-2,
exp2-1.c(203): warning:  #68-D: integer conversion resulted in a change of sign
  	{-2,
exp2-1.c(207): warning:  #68-D: integer conversion resulted in a change of sign
  	{-2,
exp2-1.c(211): warning:  #68-D: integer conversion resulted in a change of sign
  	{-2,
exp2-1.c(215): warning:  #68-D: integer conversion resulted in a change of sign
  	{-2,
exp2-1.c(219): warning:  #68-D: integer conversion resulted in a change of sign
  	{-2,
exp2-1.c(223): warning:  #68-D: integer conversion resulted in a change of sign
  	{-2,
exp2-1.c(227): warning:  #68-D: integer conversion resulted in a change of sign
  	{-2,
exp2-1.c(231): warning:  #68-D: integer conversion resulted in a change of sign
  	{-2,
exp2-1.c(235): warning:  #68-D: integer conversion resulted in a change of sign
  	{-2,
exp2-1.c(239): warning:  #68-D: integer conversion resulted in a change of sign
  	{-2,
exp2-1.c(243): warning:  #68-D: integer conversion resulted in a change of sign
  	{-2,
exp2-1.c(247): warning:  #68-D: integer conversion resulted in a change of sign
  	{-2,
exp2-1.c(251): warning:  #68-D: integer conversion resulted in a change of sign
  	{-2,
exp2-1.c(255): warning:  #68-D: integer conversion resulted in a change of sign
  	{-2,
exp2-1.c(259): warning:  #68-D: integer conversion resulted in a change of sign
  	{-2,
exp2-1.c(263): warning:  #68-D: integer conversion resulted in a change of sign
  	{-2,
exp2-1.c(317): warning:  #68-D: integer conversion resulted in a change of sign
  	{-2,
exp2-1.c(321): warning:  #68-D: integer conversion resulted in a change of sign
  	{-2,
exp2-1.c(329): warning:  #68-D: integer conversion resulted in a change of sign
  	{-2,
exp2-1.c(333): warning:  #68-D: integer conversion resulted in a change of sign
  	{-2,
exp2-1.c(341): warning:  #68-D: integer conversion resulted in a change of sign
  	{-2,
exp2-1.c(345): warning:  #68-D: integer conversion resulted in a change of sign
  	{-2,
exp2-1.c(361): warning:  #68-D: integer conversion resulted in a change of sign
  	{-2,
exp2-1.c(365): warning:  #68-D: integer conversion resulted in a change of sign
  	{-2,
exp2-1.c(373): warning:  #68-D: integer conversion resulted in a change of sign
  	{-2,
exp2-1.c(377): warning:  #68-D: integer conversion resulted in a change of sign
  	{-2,
exp2-1.c(385): warning:  #68-D: integer conversion resulted in a change of sign
  	{-2,
exp2-1.c(389): warning:  #68-D: integer conversion resulted in a change of sign
  	{-2,
exp2-1.c(405): warning:  #68-D: integer conversion resulted in a change of sign
  	{-2,
exp2-1.c(409): warning:  #68-D: integer conversion resulted in a change of sign
  	{-2,
exp2-1.c(417): warning:  #68-D: integer conversion resulted in a change of sign
  	{-2,
exp2-1.c(421): warning:  #68-D: integer conversion resulted in a change of sign
  	{-2,
exp2-1.c(429): warning:  #68-D: integer conversion resulted in a change of sign
  	{-2,
exp2-1.c(433): warning:  #68-D: integer conversion resulted in a change of sign
  	{-2,
exp2-1.c(449): warning:  #68-D: integer conversion resulted in a change of sign
  	{-2,
exp2-1.c(453): warning:  #68-D: integer conversion resulted in a change of sign
  	{-2,
exp2-1.c(461): warning:  #68-D: integer conversion resulted in a change of sign
  	{-2,
exp2-1.c(465): warning:  #68-D: integer conversion resulted in a change of sign
  	{-2,
exp2-1.c(473): warning:  #68-D: integer conversion resulted in a change of sign
  	{-2,
exp2-1.c(477): warning:  #68-D: integer conversion resulted in a change of sign
  	{-2,
exp2-1.c(1417): warning:  #68-D: integer conversion resulted in a change of sign
  	{-2,
exp2-1.c(1421): warning:  #68-D: integer conversion resulted in a change of sign
  	{-2,
exp2-1.c(1429): warning:  #68-D: integer conversion resulted in a change of sign
  	{-2,
exp2-1.c(1433): warning:  #68-D: integer conversion resulted in a change of sign
  	{-2,
exp2-1.c(1441): warning:  #68-D: integer conversion resulted in a change of sign
  	{-2,
exp2-1.c(1445): warning:  #68-D: integer conversion resulted in a change of sign
  	{-2,
exp2-1.c(1461): warning:  #68-D: integer conversion resulted in a change of sign
  	{-2,
exp2-1.c(1465): warning:  #68-D: integer conversion resulted in a change of sign
  	{-2,
exp2-1.c(1473): warning:  #68-D: integer conversion resulted in a change of sign
  	{-2,
exp2-1.c(1477): warning:  #68-D: integer conversion resulted in a change of sign
  	{-2,
exp2-1.c(1485): warning:  #68-D: integer conversion resulted in a change of sign
  	{-2,
exp2-1.c(1489): warning:  #68-D: integer conversion resulted in a change of sign
  	{-2,
exp2-1.c(1505): warning:  #68-D: integer conversion resulted in a change of sign
  	{-2,
exp2-1.c(1509): warning:  #68-D: integer conversion resulted in a change of sign
  	{-2,
exp2-1.c(1517): warning:  #68-D: integer conversion resulted in a change of sign
  	{-2,
exp2-1.c(1521): warning:  #68-D: integer conversion resulted in a change of sign
  	{-2,
exp2-1.c(1529): warning:  #68-D: integer conversion resulted in a change of sign
  	{-2,
exp2-1.c(1533): warning:  #68-D: integer conversion resulted in a change of sign
  	{-2,
exp2-1.c(1549): warning:  #68-D: integer conversion resulted in a change of sign
  	{-2,
exp2-1.c(1553): warning:  #68-D: integer conversion resulted in a change of sign
  	{-2,
exp2-1.c(1561): warning:  #68-D: integer conversion resulted in a change of sign
  	{-2,
exp2-1.c(1565): warning:  #68-D: integer conversion resulted in a change of sign
  	{-2,
exp2-1.c(1573): warning:  #68-D: integer conversion resulted in a change of sign
  	{-2,
exp2-1.c(1577): warning:  #68-D: integer conversion resulted in a change of sign
  	{-2,
exp2-1.c(2696): warning:  #177-D: variable "test"  was declared but never referenced
  	uint8_t test;
exp2-1.c(2723): warning:  #550-D: variable "result"  was set but never used
  	uint8_t result;
exp2-1.c(2755): warning:  #167-D: argument of type "uint8_t *" is incompatible with parameter of type "const char *"
  	UARTStringPut((uint8_t *)"\r\nHello, world!\r\n");
exp2-1.c(2902): warning:  #550-D: variable "keypadHold"  was set but never used
  	uint16_t keypadPressed[8] = {0}, keypadHold[8] = {0};
exp2-1.c(3470): warning:  #550-D: variable "rop"  was set but never used
  	uint8_t value, rop;
exp2-1.c(3498): warning:  #186-D: pointless comparison of unsigned integer with zero
  	if (number >= 0 && number <= 9)
exp2-1.c(3568): warning:  #61-D: integer operation result is out of range
  				solarTermsTimestamp[i] -= 
ECONDS_IN_TROPICAL_YEAR * 100;
exp2-1.c(3568): warning:  #68-D: integer conversion resulted in a change of sign
  				solarTermsTimestamp[i] -= 
ECONDS_IN_TROPICAL_YEAR * 100;
exp2-1.c(3578): warning:  #61-D: integer operation result is out of range
  				solarTermsTimestamp[i] += 
ECONDS_IN_TROPICAL_YEAR * 100;
exp2-1.c(3578): warning:  #68-D: integer conversion resulted in a change of sign
  				solarTermsTimestamp[i] += 
ECONDS_IN_TROPICAL_YEAR * 100;
exp2-1.c: 89 warnings, 0 errors
linking...
Program Size: Code=11200 RO-data=7188 RW-data=64 ZI-data=1232  
FromELF: creating hex file...
".\Objects\exp1.axf" - 0 Error(s), 89 Warning(s).

<h2>Software Packages used:</h2>

Package Vendor: ARM
                http://www.keil.com/pack/ARM.CMSIS.5.7.0.pack
                ARM::CMSIS:CORE:5.4.0
                CMSIS (Cortex Microcontroller Software Interface Standard)
   * Component: CORE Version: 5.4.0

Package Vendor: Keil
                http://www.keil.com/pack/Keil.TM4C_DFP.1.1.0.pack
                Keil::Device:Startup:1.0.0
                Texas Instruments Tiva C Series Device Support and Examples
   * Component: Startup Version: 1.0.0

<h2>Collection of Component include folders:</h2>
  d:\S800\Project\RTE\_Target_1
  C:\Keil_v5\ARM\PACK\ARM\CMSIS\5.7.0\CMSIS\Core\Include
  C:\Keil_v5\ARM\PACK\Keil\TM4C_DFP\1.1.0\Device\Include\TM4C129

<h2>Collection of Component Files used:</h2>

   * Component: ARM::CMSIS:CORE:5.4.0

   * Component: Keil::Device:Startup:1.0.0
      Include file:  Device\Include\TM4C129\TM4C129.h
      Source file:   Device\Source\ARM\startup_TM4C129.s
      Source file:   Device\Source\system_TM4C129.c
Build Time Elapsed:  00:00:01
</pre>
</body>
</html>
