<html>
<body>
<pre>
<h1>µVision Build Log</h1>
<h2>Tool Versions:</h2>
IDE-Version: ¦ÌVision V5.22.0.0
Copyright (C) 2016 ARM Ltd and ARM Germany GmbH. All rights reserved.
License Information: 1 1, 1, LIC=MGXG8-3W4SV-5BTEB-2BREQ-0NQ03-CDAMJ
 
Tool Versions:
Toolchain:       MDK-ARM Professional  Version: 5.22
Toolchain Path:  C:\Keil_v5\ARM\ARMCC\Bin
C Compiler:      Armcc.exe V5.06 update 4 (build 422)
Assembler:       Armasm.exe V5.06 update 4 (build 422)
Linker/Locator:  ArmLink.exe V5.06 update 4 (build 422)
Library Manager: ArmAr.exe V5.06 update 4 (build 422)
Hex Converter:   FromElf.exe V5.06 update 4 (build 422)
CPU DLL:         SARMCM3.DLL V5.22
Dialog DLL:      DCM.DLL V1.13.9.0
Target DLL:      lmidk-agdi.dll V???
Dialog DLL:      TCM.DLL V1.21.0.0
 
<h2>Project:</h2>
d:\S800\Project\exp2.uvprojx
Project File Date:  05/07/2018

<h2>Output:</h2>
*** Using Compiler 'V5.06 update 4 (build 422)', folder: 'C:\Keil_v5\ARM\ARMCC\Bin'
Rebuild target 'Target 1'
assembling startup_TM4C129.s...
compiling system_TM4C129.c...
compiling exp2-1.c...
exp2-1.c(201): warning:  #550-D: variable "result"  was set but never used
  	uint8_t result;
exp2-1.c(233): warning:  #167-D: argument of type "uint8_t *" is incompatible with parameter of type "const char *"
  	UARTStringPut((uint8_t *)"\r\nHello, world!\r\n");
exp2-1.c(374): warning:  #550-D: variable "keypadHold"  was set but never used
  	uint16_t keypadPressed[8] = {0}, keypadHold[8] = {0};
exp2-1.c(891): warning:  #550-D: variable "rop"  was set but never used
  	uint8_t value, rop;
exp2-1.c(919): warning:  #186-D: pointless comparison of unsigned integer with zero
  	if (number >= 0 && number <= 9)
exp2-1.c: 5 warnings, 0 errors
linking...
Program Size: Code=10420 RO-data=2016 RW-data=60 ZI-data=756  
FromELF: creating hex file...
".\Objects\exp1.axf" - 0 Error(s), 5 Warning(s).

<h2>Software Packages used:</h2>

Package Vendor: ARM
                http://www.keil.com/pack/ARM.CMSIS.5.0.0.pack
                ARM::CMSIS:CORE:5.0.0
                CMSIS (Cortex Microcontroller Software Interface Standard)
   * Component: CORE Version: 5.0.0

Package Vendor: Keil
                http://www.keil.com/pack/Keil.TM4C_DFP.1.1.0.pack
                Keil::Device:Startup:1.0.0
                Texas Instruments Tiva C Series Device Support and Examples
   * Component: Startup Version: 1.0.0

<h2>Collection of Component include folders:</h2>
  d:\S800\Project\RTE\_Target_1
  C:\Keil_v5\ARM\PACK\ARM\CMSIS\5.0.0\CMSIS\Include
  C:\Keil_v5\ARM\PACK\Keil\TM4C_DFP\1.1.0\Device\Include\TM4C129

<h2>Collection of Component Files used:</h2>

   * Component: ARM::CMSIS:CORE:5.0.0

   * Component: Keil::Device:Startup:1.0.0
      Source file:   Device\Source\ARM\startup_TM4C129.s
      Source file:   Device\Source\system_TM4C129.c
      Include file:  Device\Include\TM4C129\TM4C129.h
Build Time Elapsed:  00:00:02
</pre>
</body>
</html>
