Component: ARM Compiler 5.06 update 4 (build 422) Tool: armlink [4d35d2]

==============================================================================

Section Cross References

    exp2-1.o(i.I2C0_ReadByte) refers to i2c.o(i.I2CMasterBusy) for I2CMasterBusy
    exp2-1.o(i.I2C0_ReadByte) refers to i2c.o(i.I2CMasterSlaveAddrSet) for I2CMasterSlaveAddrSet
    exp2-1.o(i.I2C0_ReadByte) refers to i2c.o(i.I2CMasterDataPut) for I2CMasterDataPut
    exp2-1.o(i.I2C0_ReadByte) refers to i2c.o(i.I2CMasterControl) for I2CMasterControl
    exp2-1.o(i.I2C0_ReadByte) refers to i2c.o(i.I2CMasterBusBusy) for I2CMasterBusBusy
    exp2-1.o(i.I2C0_ReadByte) refers to i2c.o(i.I2CMasterErr) for I2CMasterErr
    exp2-1.o(i.I2C0_ReadByte) refers to exp2-1.o(i.Delay) for Delay
    exp2-1.o(i.I2C0_ReadByte) refers to i2c.o(i.I2CMasterDataGet) for I2CMasterDataGet
    exp2-1.o(i.I2C0_WriteByte) refers to i2c.o(i.I2CMasterBusy) for I2CMasterBusy
    exp2-1.o(i.I2C0_WriteByte) refers to i2c.o(i.I2CMasterSlaveAddrSet) for I2CMasterSlaveAddrSet
    exp2-1.o(i.I2C0_WriteByte) refers to i2c.o(i.I2CMasterDataPut) for I2CMasterDataPut
    exp2-1.o(i.I2C0_WriteByte) refers to i2c.o(i.I2CMasterControl) for I2CMasterControl
    exp2-1.o(i.I2C0_WriteByte) refers to i2c.o(i.I2CMasterErr) for I2CMasterErr
    exp2-1.o(i.S800_GPIO_Init) refers to sysctl.o(i.SysCtlPeripheralEnable) for SysCtlPeripheralEnable
    exp2-1.o(i.S800_GPIO_Init) refers to sysctl.o(i.SysCtlPeripheralReady) for SysCtlPeripheralReady
    exp2-1.o(i.S800_GPIO_Init) refers to gpio.o(i.GPIOPinTypeGPIOOutput) for GPIOPinTypeGPIOOutput
    exp2-1.o(i.S800_GPIO_Init) refers to gpio.o(i.GPIOPinTypeGPIOInput) for GPIOPinTypeGPIOInput
    exp2-1.o(i.S800_GPIO_Init) refers to gpio.o(i.GPIOPadConfigSet) for GPIOPadConfigSet
    exp2-1.o(i.S800_I2C0_Init) refers to sysctl.o(i.SysCtlPeripheralEnable) for SysCtlPeripheralEnable
    exp2-1.o(i.S800_I2C0_Init) refers to gpio.o(i.GPIOPinConfigure) for GPIOPinConfigure
    exp2-1.o(i.S800_I2C0_Init) refers to gpio.o(i.GPIOPinTypeI2CSCL) for GPIOPinTypeI2CSCL
    exp2-1.o(i.S800_I2C0_Init) refers to gpio.o(i.GPIOPinTypeI2C) for GPIOPinTypeI2C
    exp2-1.o(i.S800_I2C0_Init) refers to i2c.o(i.I2CMasterInitExpClk) for I2CMasterInitExpClk
    exp2-1.o(i.S800_I2C0_Init) refers to i2c.o(i.I2CMasterEnable) for I2CMasterEnable
    exp2-1.o(i.S800_I2C0_Init) refers to exp2-1.o(i.I2C0_WriteByte) for I2C0_WriteByte
    exp2-1.o(i.S800_I2C0_Init) refers to exp2-1.o(.data) for ui32SysClock
    exp2-1.o(i.S800_Int_Init) refers to systick.o(i.SysTickPeriodSet) for SysTickPeriodSet
    exp2-1.o(i.S800_Int_Init) refers to systick.o(i.SysTickEnable) for SysTickEnable
    exp2-1.o(i.S800_Int_Init) refers to systick.o(i.SysTickIntEnable) for SysTickIntEnable
    exp2-1.o(i.S800_Int_Init) refers to uart.o(i.UARTIntEnable) for UARTIntEnable
    exp2-1.o(i.S800_Int_Init) refers to interrupt.o(i.IntEnable) for IntEnable
    exp2-1.o(i.S800_Int_Init) refers to interrupt.o(i.IntMasterEnable) for IntMasterEnable
    exp2-1.o(i.S800_Int_Init) refers to exp2-1.o(.data) for ui32SysClock
    exp2-1.o(i.S800_PWM_Init) refers to sysctl.o(i.SysCtlPWMClockSet) for SysCtlPWMClockSet
    exp2-1.o(i.S800_PWM_Init) refers to sysctl.o(i.SysCtlPeripheralEnable) for SysCtlPeripheralEnable
    exp2-1.o(i.S800_PWM_Init) refers to sysctl.o(i.SysCtlPeripheralReady) for SysCtlPeripheralReady
    exp2-1.o(i.S800_PWM_Init) refers to gpio.o(i.GPIOPinConfigure) for GPIOPinConfigure
    exp2-1.o(i.S800_PWM_Init) refers to gpio.o(i.GPIOPinTypePWM) for GPIOPinTypePWM
    exp2-1.o(i.S800_PWM_Init) refers to pwm.o(i.PWMGenConfigure) for PWMGenConfigure
    exp2-1.o(i.S800_PWM_Init) refers to pwm.o(i.PWMGenPeriodSet) for PWMGenPeriodSet
    exp2-1.o(i.S800_PWM_Init) refers to pwm.o(i.PWMPulseWidthSet) for PWMPulseWidthSet
    exp2-1.o(i.S800_PWM_Init) refers to pwm.o(i.PWMGenEnable) for PWMGenEnable
    exp2-1.o(i.S800_PWM_Init) refers to exp2-1.o(.data) for ui32SysClock
    exp2-1.o(i.S800_QEI_Init) refers to sysctl.o(i.SysCtlPeripheralEnable) for SysCtlPeripheralEnable
    exp2-1.o(i.S800_QEI_Init) refers to sysctl.o(i.SysCtlPeripheralReady) for SysCtlPeripheralReady
    exp2-1.o(i.S800_QEI_Init) refers to gpio.o(i.GPIOPinConfigure) for GPIOPinConfigure
    exp2-1.o(i.S800_QEI_Init) refers to gpio.o(i.GPIOPinTypeGPIOOutput) for GPIOPinTypeGPIOOutput
    exp2-1.o(i.S800_QEI_Init) refers to gpio.o(i.GPIOPinWrite) for GPIOPinWrite
    exp2-1.o(i.S800_QEI_Init) refers to gpio.o(i.GPIOPinTypeQEI) for GPIOPinTypeQEI
    exp2-1.o(i.S800_QEI_Init) refers to qei.o(i.QEIConfigure) for QEIConfigure
    exp2-1.o(i.S800_QEI_Init) refers to qei.o(i.QEIEnable) for QEIEnable
    exp2-1.o(i.S800_UART_Init) refers to sysctl.o(i.SysCtlPeripheralEnable) for SysCtlPeripheralEnable
    exp2-1.o(i.S800_UART_Init) refers to sysctl.o(i.SysCtlPeripheralReady) for SysCtlPeripheralReady
    exp2-1.o(i.S800_UART_Init) refers to gpio.o(i.GPIOPinConfigure) for GPIOPinConfigure
[...]
    Removing uart.o(i.UARTParityModeSet), (12 bytes).
    Removing uart.o(i.UARTRxErrorClear), (6 bytes).
    Removing uart.o(i.UARTRxErrorGet), (8 bytes).
    Removing uart.o(i.UARTSmartCardDisable), (10 bytes).
    Removing uart.o(i.UARTSmartCardEnable), (22 bytes).
    Removing uart.o(i.UARTSpaceAvail), (10 bytes).
    Removing uart.o(i.UARTTxIntModeGet), (8 bytes).
    Removing uart.o(i.UARTTxIntModeSet), (12 bytes).
    Removing uart.o(.constdata), (128 bytes).

262 unused section(s) (total 8068 bytes) removed from the image.

==============================================================================

Image Symbol Table

    Local Symbols

    Symbol Name                              Value     Ov Type        Size  Object(Section)

    RESET                                    0x00000000   Section      512  startup_tm4c129.o(RESET)
    ../clib/angel/boardlib.s                 0x00000000   Number         0  boardinit1.o ABSOLUTE
    ../clib/angel/boardlib.s                 0x00000000   Number         0  boardinit2.o ABSOLUTE
    ../clib/angel/boardlib.s                 0x00000000   Number         0  boardinit3.o ABSOLUTE
    ../clib/angel/boardlib.s                 0x00000000   Number         0  boardshut.o ABSOLUTE
    ../clib/angel/handlers.s                 0x00000000   Number         0  __scatter_copy.o ABSOLUTE
    ../clib/angel/handlers.s                 0x00000000   Number         0  __scatter_zi.o ABSOLUTE
    ../clib/angel/kernel.s                   0x00000000   Number         0  rtexit2.o ABSOLUTE
    ../clib/angel/kernel.s                   0x00000000   Number         0  rtexit.o ABSOLUTE
    ../clib/angel/kernel.s                   0x00000000   Number         0  __rtentry.o ABSOLUTE
    ../clib/angel/kernel.s                   0x00000000   Number         0  __rtentry4.o ABSOLUTE
    ../clib/angel/kernel.s                   0x00000000   Number         0  __rtentry2.o ABSOLUTE
    ../clib/angel/rt.s                       0x00000000   Number         0  aeabi_ldiv0.o ABSOLUTE
    ../clib/angel/rt.s                       0x00000000   Number         0  rt_div0.o ABSOLUTE
    ../clib/angel/rt.s                       0x00000000   Number         0  rt_locale.o ABSOLUTE
    ../clib/angel/rt.s                       0x00000000   Number         0  rt_raise.o ABSOLUTE
    ../clib/angel/rt.s                       0x00000000   Number         0  rt_ctype_table.o ABSOLUTE
    ../clib/angel/rt.s                       0x00000000   Number         0  aeabi_ldiv0_sigfpe.o ABSOLUTE
    ../clib/angel/rt.s                       0x00000000   Number         0  rt_locale_intlibspace.o ABSOLUTE
    ../clib/angel/scatter.s                  0x00000000   Number         0  __scatter.o ABSOLUTE
    ../clib/angel/startup.s                  0x00000000   Number         0  __main.o ABSOLUTE
    ../clib/angel/sys.s                      0x00000000   Number         0  use_no_semi.o ABSOLUTE
    ../clib/angel/sys.s                      0x00000000   Number         0  sys_stackheap_outer.o ABSOLUTE
    ../clib/angel/sys.s                      0x00000000   Number         0  indicate_semi.o ABSOLUTE
    ../clib/angel/sys.s                      0x00000000   Number         0  libspace.o ABSOLUTE
    ../clib/angel/sysapp.c                   0x00000000   Number         0  sys_command.o ABSOLUTE
    ../clib/angel/sysapp.c                   0x00000000   Number         0  sys_wrch.o ABSOLUTE
    ../clib/angel/sysapp.c                   0x00000000   Number         0  sys_exit.o ABSOLUTE
    ../clib/armsys.c                         0x00000000   Number         0  no_argv.o ABSOLUTE
    ../clib/armsys.c                         0x00000000   Number         0  argv_veneer.o ABSOLUTE
    ../clib/armsys.c                         0x00000000   Number         0  _get_argv_nomalloc.o ABSOLUTE
    ../clib/armsys.c                         0x00000000   Number         0  argv_veneer.o ABSOLUTE
    ../clib/ctype.c                          0x00000000   Number         0  tolower.o ABSOLUTE
    ../clib/heapalloc.c                      0x00000000   Number         0  hrguard.o ABSOLUTE
    ../clib/heapaux.c                        0x00000000   Number         0  heapauxi.o ABSOLUTE
    ../clib/libinit.s                        0x00000000   Number         0  libinit2.o ABSOLUTE
    ../clib/libinit.s                        0x00000000   Number         0  libshutdown.o ABSOLUTE
    ../clib/libinit.s                        0x00000000   Number         0  libinit.o ABSOLUTE
    ../clib/libinit.s                        0x00000000   Number         0  libshutdown2.o ABSOLUTE
    ../clib/locale.s                         0x00000000   Number         0  lc_ctype_c.o ABSOLUTE
    ../clib/longlong.s                       0x00000000   Number         0  lludiv10.o ABSOLUTE
    ../clib/longlong.s                       0x00000000   Number         0  lludivv7m.o ABSOLUTE
    ../clib/memcpset.s                       0x00000000   Number         0  rt_memcpy_w.o ABSOLUTE
    ../clib/memcpset.s                       0x00000000   Number         0  strcmpv7m.o ABSOLUTE
    ../clib/misc.s                           0x00000000   Number         0  printf_stubs.o ABSOLUTE
    ../clib/printf.c                         0x00000000   Number         0  __printf_flags_ss.o ABSOLUTE
    ../clib/printf.c                         0x00000000   Number         0  __printf_flags.o ABSOLUTE
    ../clib/printf.c                         0x00000000   Number         0  __printf_ss.o ABSOLUTE
    ../clib/printf.c                         0x00000000   Number         0  __printf_nopercent.o ABSOLUTE
    ../clib/printf.c                         0x00000000   Number         0  __printf.o ABSOLUTE
    ../clib/printf.c                         0x00000000   Number         0  __printf_wp.o ABSOLUTE
    ../clib/printf.c                         0x00000000   Number         0  noretval__2sprintf.o ABSOLUTE
    ../clib/printf.c                         0x00000000   Number         0  _printf_intcommon.o ABSOLUTE
    ../clib/printf.c                         0x00000000   Number         0  __2sprintf.o ABSOLUTE
    ../clib/printf.c                         0x00000000   Number         0  _sputc.o ABSOLUTE
    ../clib/printf.c                         0x00000000   Number         0  __printf_flags_wp.o ABSOLUTE
    ../clib/printf.c                         0x00000000   Number         0  __printf_flags_ss_wp.o ABSOLUTE
    ../clib/printf.c                         0x00000000   Number         0  __printf_ss_wp.o ABSOLUTE
    ../clib/printf.c                         0x00000000   Number         0  _printf_longlong_dec.o ABSOLUTE
    ../clib/printf.c                         0x00000000   Number         0  _printf_char_common.o ABSOLUTE
    ../clib/printf_percent.s                 0x00000000   Number         0  _printf_percent_end.o ABSOLUTE
    ../clib/printf_percent.s                 0x00000000   Number         0  _printf_percent.o ABSOLUTE
    ../clib/printf_percent.s                 0x00000000   Number         0  _printf_ll.o ABSOLUTE
    ../clib/printf_percent.s                 0x00000000   Number         0  _printf_llu.o ABSOLUTE
    ../clib/signal.c                         0x00000000   Number         0  defsig_exit.o ABSOLUTE
    ../clib/signal.c                         0x00000000   Number         0  defsig_fpe_formal.o ABSOLUTE
    ../clib/signal.c                         0x00000000   Number         0  defsig_fpe_outer.o ABSOLUTE
    ../clib/signal.c                         0x00000000   Number         0  defsig_segv_inner.o ABSOLUTE
    ../clib/signal.c                         0x00000000   Number         0  defsig_cppl_inner.o ABSOLUTE
    ../clib/signal.c                         0x00000000   Number         0  defsig_pvfn_inner.o ABSOLUTE
    ../clib/signal.c                         0x00000000   Number         0  defsig_stak_inner.o ABSOLUTE
    ../clib/signal.c                         0x00000000   Number         0  defsig_rtmem_formal.o ABSOLUTE
    ../clib/signal.c                         0x00000000   Number         0  defsig_rtmem_outer.o ABSOLUTE
    ../clib/signal.c                         0x00000000   Number         0  defsig_rtmem_inner.o ABSOLUTE
    ../clib/signal.c                         0x00000000   Number         0  defsig_rtred_inner.o ABSOLUTE
    ../clib/signal.c                         0x00000000   Number         0  defsig_abrt_inner.o ABSOLUTE
    ../clib/signal.c                         0x00000000   Number         0  defsig_general.o ABSOLUTE
    ../clib/signal.c                         0x00000000   Number         0  __raise.o ABSOLUTE
    ../clib/signal.c                         0x00000000   Number         0  defsig_other.o ABSOLUTE
    ../clib/signal.c                         0x00000000   Number         0  defsig_fpe_inner.o ABSOLUTE
    ../clib/signal.s                         0x00000000   Number         0  defsig.o ABSOLUTE
    ../clib/stdlib.c                         0x00000000   Number         0  exit.o ABSOLUTE
    ../clib/string.c                         0x00000000   Number         0  strpbrk.o ABSOLUTE
    ../clib/string.c                         0x00000000   Number         0  strchr.o ABSOLUTE
    ../clib/string.c                         0x00000000   Number         0  strncmp.o ABSOLUTE
    ../clib/string.c                         0x00000000   Number         0  strncasecmp.o ABSOLUTE
    ../fplib/fpinit.s                        0x00000000   Number         0  fpinit.o ABSOLUTE
    RTE\Device\TM4C1294NCPDT\startup_TM4C129.s 0x00000000   Number         0  startup_tm4c129.o ABSOLUTE
    RTE\Device\TM4C1294NCPDT\system_TM4C129.c 0x00000000   Number         0  system_tm4c129.o ABSOLUTE
    RTE\\Device\\TM4C1294NCPDT\\system_TM4C129.c 0x00000000   Number         0  system_tm4c129.o ABSOLUTE
    cpu.c                                    0x00000000   Number         0  cpu.o ABSOLUTE
    cpu.c                                    0x00000000   Number         0  cpu.o ABSOLUTE
    dc.s                                     0x00000000   Number         0  dc.o ABSOLUTE
    eeprom.c                                 0x00000000   Number         0  eeprom.o ABSOLUTE
    exp2-1.c                                 0x00000000   Number         0  exp2-1.o ABSOLUTE
    gpio.c                                   0x00000000   Number         0  gpio.o ABSOLUTE
    i2c.c                                    0x00000000   Number         0  i2c.o ABSOLUTE
    interrupt.c                              0x00000000   Number         0  interrupt.o ABSOLUTE
    pwm.c                                    0x00000000   Number         0  pwm.o ABSOLUTE
    qei.c                                    0x00000000   Number         0  qei.o ABSOLUTE
    sysctl.c                                 0x00000000   Number         0  sysctl.o ABSOLUTE
    sysctl.c                                 0x00000000   Number         0  sysctl.o ABSOLUTE
    systick.c                                0x00000000   Number         0  systick.o ABSOLUTE
    uart.c                                   0x00000000   Number         0  uart.o ABSOLUTE
    !!!main                                  0x00000200   Section        8  __main.o(!!!main)
    !!!scatter                               0x00000208   Section       52  __scatter.o(!!!scatter)
    !!handler_copy                           0x0000023c   Section       26  __scatter_copy.o(!!handler_copy)
    !!handler_zi                             0x00000258   Section       28  __scatter_zi.o(!!handler_zi)
    .ARM.Collect$$_printf_percent$$00000000  0x00000274   Section        0  _printf_percent.o(.ARM.Collect$$_printf_percent$$00000000)
    .ARM.Collect$$_printf_percent$$00000007  0x00000274   Section       10  _printf_ll.o(.ARM.Collect$$_printf_percent$$00000007)
    .ARM.Collect$$_printf_percent$$0000000F  0x0000027e   Section        6  _printf_llu.o(.ARM.Collect$$_printf_percent$$0000000F)
    .ARM.Collect$$_printf_percent$$00000017  0x00000284   Section        4  _printf_percent_end.o(.ARM.Collect$$_printf_percent$$00000017)
    .ARM.Collect$$libinit$$00000000          0x00000288   Section        2  libinit.o(.ARM.Collect$$libinit$$00000000)
    .ARM.Collect$$libinit$$00000001          0x0000028a   Section        4  libinit2.o(.ARM.Collect$$libinit$$00000001)
    .ARM.Collect$$libinit$$00000004          0x0000028e   Section        0  libinit2.o(.ARM.Collect$$libinit$$00000004)
    .ARM.Collect$$libinit$$0000000A          0x0000028e   Section        0  libinit2.o(.ARM.Collect$$libinit$$0000000A)
    .ARM.Collect$$libinit$$0000000C          0x0000028e   Section        0  libinit2.o(.ARM.Collect$$libinit$$0000000C)
    .ARM.Collect$$libinit$$0000000E          0x0000028e   Section        0  libinit2.o(.ARM.Collect$$libinit$$0000000E)
    .ARM.Collect$$libinit$$0000000F          0x0000028e   Section        6  libinit2.o(.ARM.Collect$$libinit$$0000000F)
    .ARM.Collect$$libinit$$00000011          0x00000294   Section        0  libinit2.o(.ARM.Collect$$libinit$$00000011)
    .ARM.Collect$$libinit$$00000012          0x00000294   Section       12  libinit2.o(.ARM.Collect$$libinit$$00000012)
    .ARM.Collect$$libinit$$00000013          0x000002a0   Section        0  libinit2.o(.ARM.Collect$$libinit$$00000013)
    .ARM.Collect$$libinit$$00000015          0x000002a0   Section        0  libinit2.o(.ARM.Collect$$libinit$$00000015)
    .ARM.Collect$$libinit$$00000017          0x000002a0   Section        0  libinit2.o(.ARM.Collect$$libinit$$00000017)
    .ARM.Collect$$libinit$$00000019          0x000002a0   Section        0  libinit2.o(.ARM.Collect$$libinit$$00000019)
    .ARM.Collect$$libinit$$0000001B          0x000002a0   Section        0  libinit2.o(.ARM.Collect$$libinit$$0000001B)
    .ARM.Collect$$libinit$$0000001D          0x000002a0   Section        0  libinit2.o(.ARM.Collect$$libinit$$0000001D)
    .ARM.Collect$$libinit$$0000001F          0x000002a0   Section        0  libinit2.o(.ARM.Collect$$libinit$$0000001F)
    .ARM.Collect$$libinit$$00000021          0x000002a0   Section        0  libinit2.o(.ARM.Collect$$libinit$$00000021)
    .ARM.Collect$$libinit$$00000023          0x000002a0   Section        0  libinit2.o(.ARM.Collect$$libinit$$00000023)
    .ARM.Collect$$libinit$$00000025          0x000002a0   Section        0  libinit2.o(.ARM.Collect$$libinit$$00000025)
    .ARM.Collect$$libinit$$0000002C          0x000002a0   Section        0  libinit2.o(.ARM.Collect$$libinit$$0000002C)
    .ARM.Collect$$libinit$$0000002E          0x000002a0   Section        0  libinit2.o(.ARM.Collect$$libinit$$0000002E)
    .ARM.Collect$$libinit$$00000030          0x000002a0   Section        0  libinit2.o(.ARM.Collect$$libinit$$00000030)
    .ARM.Collect$$libinit$$00000032          0x000002a0   Section        0  libinit2.o(.ARM.Collect$$libinit$$00000032)
    .ARM.Collect$$libinit$$00000033          0x000002a0   Section        2  libinit2.o(.ARM.Collect$$libinit$$00000033)
    .ARM.Collect$$libshutdown$$00000000      0x000002a2   Section        2  libshutdown.o(.ARM.Collect$$libshutdown$$00000000)
    .ARM.Collect$$libshutdown$$00000002      0x000002a4   Section        0  libshutdown2.o(.ARM.Collect$$libshutdown$$00000002)
    .ARM.Collect$$libshutdown$$00000004      0x000002a4   Section        0  libshutdown2.o(.ARM.Collect$$libshutdown$$00000004)
    .ARM.Collect$$libshutdown$$00000007      0x000002a4   Section        0  libshutdown2.o(.ARM.Collect$$libshutdown$$00000007)
    .ARM.Collect$$libshutdown$$0000000A      0x000002a4   Section        0  libshutdown2.o(.ARM.Collect$$libshutdown$$0000000A)
    .ARM.Collect$$libshutdown$$0000000C      0x000002a4   Section        0  libshutdown2.o(.ARM.Collect$$libshutdown$$0000000C)
    .ARM.Collect$$libshutdown$$0000000F      0x000002a4   Section        0  libshutdown2.o(.ARM.Collect$$libshutdown$$0000000F)
    .ARM.Collect$$libshutdown$$00000010      0x000002a4   Section        2  libshutdown2.o(.ARM.Collect$$libshutdown$$00000010)
    .ARM.Collect$$rtentry$$00000000          0x000002a6   Section        0  __rtentry.o(.ARM.Collect$$rtentry$$00000000)
    .ARM.Collect$$rtentry$$00000002          0x000002a6   Section        0  __rtentry2.o(.ARM.Collect$$rtentry$$00000002)
    .ARM.Collect$$rtentry$$00000004          0x000002a6   Section        6  __rtentry4.o(.ARM.Collect$$rtentry$$00000004)
    .ARM.Collect$$rtentry$$00000009          0x000002ac   Section        0  __rtentry2.o(.ARM.Collect$$rtentry$$00000009)
    .ARM.Collect$$rtentry$$0000000A          0x000002ac   Section        4  __rtentry2.o(.ARM.Collect$$rtentry$$0000000A)
    .ARM.Collect$$rtentry$$0000000C          0x000002b0   Section        0  __rtentry2.o(.ARM.Collect$$rtentry$$0000000C)
    .ARM.Collect$$rtentry$$0000000D          0x000002b0   Section        8  __rtentry2.o(.ARM.Collect$$rtentry$$0000000D)
    .ARM.Collect$$rtexit$$00000000           0x000002b8   Section        2  rtexit.o(.ARM.Collect$$rtexit$$00000000)
    .ARM.Collect$$rtexit$$00000002           0x000002ba   Section        0  rtexit2.o(.ARM.Collect$$rtexit$$00000002)
    .ARM.Collect$$rtexit$$00000003           0x000002ba   Section        4  rtexit2.o(.ARM.Collect$$rtexit$$00000003)
    .ARM.Collect$$rtexit$$00000004           0x000002be   Section        6  rtexit2.o(.ARM.Collect$$rtexit$$00000004)
    .emb_text                                0x000002c4   Section        6  sysctl.o(.emb_text)
    $v0                                      0x000002c4   Number         0  sysctl.o(.emb_text)
    .emb_text                                0x000002cc   Section       38  cpu.o(.emb_text)
    $v0                                      0x000002cc   Number         0  cpu.o(.emb_text)
    .text                                    0x000002f4   Section      300  startup_tm4c129.o(.text)
    $v0                                      0x000002f4   Number         0  startup_tm4c129.o(.text)
    .text                                    0x00000420   Section      238  lludivv7m.o(.text)
    .text                                    0x00000510   Section        0  noretval__2sprintf.o(.text)
    .text                                    0x00000538   Section        0  _printf_longlong_dec.o(.text)
    .text                                    0x000005b4   Section        0  __printf_ss.o(.text)
    .text                                    0x0000066c   Section        0  strchr.o(.text)
    .text                                    0x00000680   Section        0  strpbrk.o(.text)
    .text                                    0x0000069e   Section        0  strncasecmp.o(.text)
    .text                                    0x000006d0   Section        0  strncmp.o(.text)
    .text                                    0x00000766   Section      100  rt_memcpy_w.o(.text)
    .text                                    0x000007ca   Section        0  heapauxi.o(.text)
    .text                                    0x000007d0   Section      138  lludiv10.o(.text)
    .text                                    0x0000085a   Section        0  tolower.o(.text)
    .text                                    0x00000874   Section        0  _printf_intcommon.o(.text)
    .text                                    0x00000928   Section        0  _printf_char_common.o(.text)
    _printf_input_char                       0x00000929   Thumb Code    10  _printf_char_common.o(.text)
    .text                                    0x00000958   Section        0  _sputc.o(.text)
    .text                                    0x00000964   Section       16  rt_ctype_table.o(.text)
    .text                                    0x00000974   Section       74  sys_stackheap_outer.o(.text)
    .text                                    0x000009c0   Section        8  rt_locale_intlibspace.o(.text)
    .text                                    0x000009c8   Section        0  exit.o(.text)
    .text                                    0x000009dc   Section        8  libspace.o(.text)
    .text                                    0x000009e4   Section      128  strcmpv7m.o(.text)
    .text                                    0x00000a64   Section        0  sys_exit.o(.text)
    .text                                    0x00000a70   Section        2  use_no_semi.o(.text)
    .text                                    0x00000a72   Section        0  indicate_semi.o(.text)
    i.Delay                                  0x00000a72   Section        0  exp2-1.o(i.Delay)
    i.EEPROMInit                             0x00000a80   Section        0  eeprom.o(i.EEPROMInit)
    i.EEPROMProgram                          0x00000ac4   Section        0  eeprom.o(i.EEPROMProgram)
    i.EEPROMRead                             0x00000c28   Section        0  eeprom.o(i.EEPROMRead)
    i.GPIODirModeSet                         0x00000c5c   Section        0  gpio.o(i.GPIODirModeSet)
    i.GPIOPadConfigSet                       0x00000c84   Section        0  gpio.o(i.GPIOPadConfigSet)
    i.GPIOPinConfigure                       0x00000dbc   Section        0  gpio.o(i.GPIOPinConfigure)
    i.GPIOPinRead                            0x00000e00   Section        0  gpio.o(i.GPIOPinRead)
    i.GPIOPinTypeGPIOInput                   0x00000e06   Section        0  gpio.o(i.GPIOPinTypeGPIOInput)
    i.GPIOPinTypeGPIOOutput                  0x00000e22   Section        0  gpio.o(i.GPIOPinTypeGPIOOutput)
    i.GPIOPinTypeI2C                         0x00000e3e   Section        0  gpio.o(i.GPIOPinTypeI2C)
    i.GPIOPinTypeI2CSCL                      0x00000e5a   Section        0  gpio.o(i.GPIOPinTypeI2CSCL)
    i.GPIOPinTypePWM                         0x00000e76   Section        0  gpio.o(i.GPIOPinTypePWM)
    i.GPIOPinTypeQEI                         0x00000e92   Section        0  gpio.o(i.GPIOPinTypeQEI)
    i.GPIOPinTypeUART                        0x00000eae   Section        0  gpio.o(i.GPIOPinTypeUART)
    i.GPIOPinWrite                           0x00000eca   Section        0  gpio.o(i.GPIOPinWrite)
    i.I2C0_ReadByte                          0x00000ed0   Section        0  exp2-1.o(i.I2C0_ReadByte)
    i.I2C0_WriteByte                         0x00000f50   Section        0  exp2-1.o(i.I2C0_WriteByte)
    i.I2CMasterBusBusy                       0x00000fc4   Section        0  i2c.o(i.I2CMasterBusBusy)
    i.I2CMasterBusy                          0x00000fd0   Section        0  i2c.o(i.I2CMasterBusy)
    i.I2CMasterControl                       0x00000fdc   Section        0  i2c.o(i.I2CMasterControl)
    i.I2CMasterDataGet                       0x00000fe0   Section        0  i2c.o(i.I2CMasterDataGet)
    i.I2CMasterDataPut                       0x00000fe4   Section        0  i2c.o(i.I2CMasterDataPut)
    i.I2CMasterEnable                        0x00000fe8   Section        0  i2c.o(i.I2CMasterEnable)
    i.I2CMasterErr                           0x00000ff2   Section        0  i2c.o(i.I2CMasterErr)
    i.I2CMasterInitExpClk                    0x0000100c   Section        0  i2c.o(i.I2CMasterInitExpClk)
    i.I2CMasterSlaveAddrSet                  0x00001060   Section        0  i2c.o(i.I2CMasterSlaveAddrSet)
    i.IntEnable                              0x00001068   Section        0  interrupt.o(i.IntEnable)
    i.IntMasterEnable                        0x000010cc   Section        0  interrupt.o(i.IntMasterEnable)
    i.PWMGenConfigure                        0x000010da   Section        0  pwm.o(i.PWMGenConfigure)
    i.PWMGenEnable                           0x00001100   Section        0  pwm.o(i.PWMGenEnable)
    i.PWMGenPeriodSet                        0x0000110a   Section        0  pwm.o(i.PWMGenPeriodSet)
    i.PWMOutputState                         0x0000111c   Section        0  pwm.o(i.PWMOutputState)
    i.PWMPulseWidthSet                       0x0000112c   Section        0  pwm.o(i.PWMPulseWidthSet)
    i.QEIConfigure                           0x0000114c   Section        0  qei.o(i.QEIConfigure)
    i.QEIDirectionGet                        0x0000115a   Section        0  qei.o(i.QEIDirectionGet)
    i.QEIEnable                              0x0000116a   Section        0  qei.o(i.QEIEnable)
    i.QEIPositionGet                         0x00001174   Section        0  qei.o(i.QEIPositionGet)
    i.S800_GPIO_Init                         0x00001178   Section        0  exp2-1.o(i.S800_GPIO_Init)
    i.S800_I2C0_Init                         0x000011cc   Section        0  exp2-1.o(i.S800_I2C0_Init)
    i.S800_Int_Init                          0x00001264   Section        0  exp2-1.o(i.S800_Int_Init)
    i.S800_PWM_Init                          0x0000129c   Section        0  exp2-1.o(i.S800_PWM_Init)
    i.S800_QEI_Init                          0x00001338   Section        0  exp2-1.o(i.S800_QEI_Init)
    i.S800_UART_Init                         0x000013ac   Section        0  exp2-1.o(i.S800_UART_Init)
    i.SysCtlClockFreqSet                     0x0000141c   Section        0  sysctl.o(i.SysCtlClockFreqSet)
    i.SysCtlPWMClockSet                      0x00001708   Section        0  sysctl.o(i.SysCtlPWMClockSet)
    i.SysCtlPeripheralEnable                 0x0000171c   Section        0  sysctl.o(i.SysCtlPeripheralEnable)
    i.SysCtlPeripheralReady                  0x00001744   Section        0  sysctl.o(i.SysCtlPeripheralReady)
    i.SysCtlPeripheralReset                  0x00001770   Section        0  sysctl.o(i.SysCtlPeripheralReset)
    i.SysCtlReset                            0x000017ac   Section        0  sysctl.o(i.SysCtlReset)
    i.SysTickEnable                          0x000017bc   Section        0  systick.o(i.SysTickEnable)
    i.SysTickIntEnable                       0x000017ca   Section        0  systick.o(i.SysTickIntEnable)
    i.SysTickPeriodSet                       0x000017d8   Section        0  systick.o(i.SysTickPeriodSet)
    i.SysTick_Handler                        0x000017e4   Section        0  exp2-1.o(i.SysTick_Handler)
    i.SystemInit                             0x00003124   Section        0  system_tm4c129.o(i.SystemInit)
    i.UART0_Handler                          0x00003144   Section        0  exp2-1.o(i.UART0_Handler)
    i.UARTCharGetNonBlocking                 0x00003190   Section        0  uart.o(i.UARTCharGetNonBlocking)
    i.UARTCharPut                            0x000031a0   Section        0  uart.o(i.UARTCharPut)
    i.UARTCharsAvail                         0x000031ac   Section        0  uart.o(i.UARTCharsAvail)
    i.UARTConfigSetExpClk                    0x000031b6   Section        0  uart.o(i.UARTConfigSetExpClk)
    i.UARTIntClear                           0x00003224   Section        0  uart.o(i.UARTIntClear)
    i.UARTIntEnable                          0x00003228   Section        0  uart.o(i.UARTIntEnable)
    i.UARTIntStatus                          0x00003230   Section        0  uart.o(i.UARTIntStatus)
    i.UARTStringPut                          0x0000323c   Section        0  exp2-1.o(i.UARTStringPut)
    i.addTenMilliseconds                     0x00003258   Section        0  exp2-1.o(i.addTenMilliseconds)
    i.convertNumberToChar                    0x00003330   Section        0  exp2-1.o(i.convertNumberToChar)
    i.flash_seg                              0x0000334c   Section        0  exp2-1.o(i.flash_seg)
    i.getSegmentDisplayControlWord           0x000033a0   Section        0  exp2-1.o(i.getSegmentDisplayControlWord)
    i.getTimeFromTimestamp                   0x00003430   Section        0  exp2-1.o(i.getTimeFromTimestamp)
    i.getTimestampFromTime                   0x00003580   Section        0  exp2-1.o(i.getTimestampFromTime)
    i.isLeapYear                             0x000036bc   Section        0  exp2-1.o(i.isLeapYear)
    i.main                                   0x000036f0   Section        0  exp2-1.o(i.main)
    i.minusTenMilliseconds                   0x00003864   Section        0  exp2-1.o(i.minusTenMilliseconds)
    i.readNumberFromString                   0x00003900   Section        0  exp2-1.o(i.readNumberFromString)
    i.segmentDisplayBlink                    0x00003946   Section        0  exp2-1.o(i.segmentDisplayBlink)
    i.updateSolarTermsTimestamp              0x00003988   Section        0  exp2-1.o(i.updateSolarTermsTimestamp)
    locale$$code                             0x00003a30   Section       44  lc_ctype_c.o(locale$$code)
    x$fpl$fpinit                             0x00003a5c   Section       10  fpinit.o(x$fpl$fpinit)
    $v0                                      0x00003a5c   Number         0  fpinit.o(x$fpl$fpinit)
    .constdata                               0x00003a68   Section     3752  exp2-1.o(.constdata)
    .constdata                               0x00004910   Section      552  gpio.o(.constdata)
    g_ppui32GPIOIntMapBlizzard               0x00004910   Data         192  gpio.o(.constdata)
    g_ppui32GPIOIntMapSnowflake              0x000049d0   Data         216  gpio.o(.constdata)
    g_pui32GPIOBaseAddrs                     0x00004aa8   Data         144  gpio.o(.constdata)
    .constdata                               0x00004b38   Section      268  interrupt.o(.constdata)
    g_pui32Priority                          0x00004b38   Data          32  interrupt.o(.constdata)
    g_pui32Regs                              0x00004b58   Data         156  interrupt.o(.constdata)
    g_pui32EnRegs                            0x00004bf4   Data          20  interrupt.o(.constdata)
    g_pui32Dii16Regs                         0x00004c08   Data          20  interrupt.o(.constdata)
    g_pui32PendRegs                          0x00004c1c   Data          20  interrupt.o(.constdata)
    g_pui32UnpendRegs                        0x00004c30   Data          20  interrupt.o(.constdata)
    .constdata                               0x00004c44   Section      596  sysctl.o(.constdata)
    g_pui32VCOFrequencies                    0x00004c44   Data           8  sysctl.o(.constdata)
    g_pui32Xtals                             0x00004c4c   Data         108  sysctl.o(.constdata)
    g_pppui32XTALtoVCO                       0x00004cb8   Data         432  sysctl.o(.constdata)
    g_sXTALtoMEMTIM                          0x00004e68   Data          48  sysctl.o(.constdata)
    locale$$data                             0x00004eb8   Section      272  lc_ctype_c.o(locale$$data)
    __lcctype_c_name                         0x00004ebc   Data           2  lc_ctype_c.o(locale$$data)
    __lcctype_c_start                        0x00004ec4   Data           0  lc_ctype_c.o(locale$$data)
    __lcctype_c_end                          0x00004fc8   Data           0  lc_ctype_c.o(locale$$data)
    .data                                    0x20000000   Section       64  exp2-1.o(.data)
    counter                                  0x20000008   Data           8  exp2-1.o(.data)
    timestampInUTC                           0x20000010   Data           8  exp2-1.o(.data)
    countdownTimestamp                       0x20000018   Data           8  exp2-1.o(.data)
    solarTermsCorespondingYear               0x20000020   Data           2  exp2-1.o(.data)
    bootCountdown                            0x20000022   Data           2  exp2-1.o(.data)
    noteTime                                 0x20000024   Data           2  exp2-1.o(.data)
    noteIndex                                0x20000026   Data           2  exp2-1.o(.data)
    previousQEIDirection                     0x20000028   Data           1  exp2-1.o(.data)
    previousQEIPosition                      0x20000029   Data           1  exp2-1.o(.data)
    mode                                     0x2000002a   Data           7  exp2-1.o(.data)
    timeSelectedDigit                        0x20000031   Data           1  exp2-1.o(.data)
    calenderSelectedDigit                    0x20000032   Data           1  exp2-1.o(.data)
    countdownSelectedDigit                   0x20000033   Data           1  exp2-1.o(.data)
    alarmSelectedDigit                       0x20000034   Data           1  exp2-1.o(.data)
    alarmOrdinalNumber                       0x20000035   Data           1  exp2-1.o(.data)
    previousKeypadState                      0x20000036   Data           8  exp2-1.o(.data)
    previousButtonState                      0x2000003e   Data           2  exp2-1.o(.data)
    .data                                    0x20000040   Section        4  system_tm4c129.o(.data)
    .bss                                     0x20000048   Section      768  exp2-1.o(.bss)
    time                                     0x200000cc   Data          14  exp2-1.o(.bss)
    countdownTime                            0x200000da   Data          14  exp2-1.o(.bss)
    alarmTime                                0x200000e8   Data          28  exp2-1.o(.bss)
    alarmTimestamp                           0x20000108   Data          16  exp2-1.o(.bss)
    solarTermsTimestamp                      0x20000118   Data         192  exp2-1.o(.bss)
    solarTerms                               0x200001d8   Data         336  exp2-1.o(.bss)
    keypadHoldCount                          0x20000328   Data          16  exp2-1.o(.bss)
    buttonHoldCount                          0x20000338   Data          16  exp2-1.o(.bss)
    .bss                                     0x20000348   Section       96  libspace.o(.bss)
    HEAP                                     0x200003a8   Section        0  startup_tm4c129.o(HEAP)
    STACK                                    0x200003a8   Section      512  startup_tm4c129.o(STACK)
    Heap_Mem                                 0x200003a8   Data           0  startup_tm4c129.o(HEAP)
    Stack_Mem                                0x200003a8   Data         512  startup_tm4c129.o(STACK)
    __initial_sp                             0x200005a8   Data           0  startup_tm4c129.o(STACK)

    Global Symbols

    Symbol Name                              Value     Ov Type        Size  Object(Section)

    BuildAttributes$$THM_ISAv4$E$P$D$K$B$S$7EM$VFPi3$EXTD16$VFPS$VFMA$PE$A:L22UL41UL21$X:L11$S22US41US21$IEEE1$IW$USESV6$~STKCKD$USESV7$~SHL$OTIME$ROPI$EBA8$UX$STANDARDLIB$REQ8$PRES8$EABIv2 0x00000000   Number         0  anon$$obj.o ABSOLUTE
    __ARM_use_no_argv                        0x00000000   Number         0  exp2-1.o ABSOLUTE
    __Vectors                                0x00000000   Data           4  startup_tm4c129.o(RESET)
    _printf_flags                            0x00000000   Number         0  printf_stubs.o ABSOLUTE
    _printf_return_value                     0x00000000   Number         0  printf_stubs.o ABSOLUTE
    _printf_sizespec                         0x00000000   Number         0  printf_stubs.o ABSOLUTE
    _printf_widthprec                        0x00000000   Number         0  printf_stubs.o ABSOLUTE
    __ARM_exceptions_init                     - Undefined Weak Reference
    __alloca_initialize                       - Undefined Weak Reference
    __arm_preinit_                            - Undefined Weak Reference
    __cpp_initialize__aeabi_                  - Undefined Weak Reference
    __cxa_finalize                            - Undefined Weak Reference
    __sigvec_lookup                           - Undefined Weak Reference
    _atexit_init                              - Undefined Weak Reference
    _call_atexit_fns                          - Undefined Weak Reference
    _clock_init                               - Undefined Weak Reference
    _fp_trap_init                             - Undefined Weak Reference
    _fp_trap_shutdown                         - Undefined Weak Reference
    _get_lc_collate                           - Undefined Weak Reference
    _get_lc_monetary                          - Undefined Weak Reference
    _get_lc_numeric                           - Undefined Weak Reference
    _get_lc_time                              - Undefined Weak Reference
    _getenv_init                              - Undefined Weak Reference
    _handle_redirection                       - Undefined Weak Reference
    _init_alloc                               - Undefined Weak Reference
    _init_user_alloc                          - Undefined Weak Reference
    _initio                                   - Undefined Weak Reference
    _printf_post_padding                      - Undefined Weak Reference
    _printf_pre_padding                       - Undefined Weak Reference
    _rand_init                                - Undefined Weak Reference
    _signal_finish                            - Undefined Weak Reference
    _signal_init                              - Undefined Weak Reference
    _terminate_alloc                          - Undefined Weak Reference
    _terminate_user_alloc                     - Undefined Weak Reference
    _terminateio                              - Undefined Weak Reference
    __Vectors_End                            0x00000200   Data           0  startup_tm4c129.o(RESET)
    __Vectors_Size                           0x00000200   Number         0  startup_tm4c129.o ABSOLUTE
    __main                                   0x00000201   Thumb Code     8  __main.o(!!!main)
    __scatterload                            0x00000209   Thumb Code     0  __scatter.o(!!!scatter)
    __scatterload_rt2                        0x00000209   Thumb Code    44  __scatter.o(!!!scatter)
    __scatterload_rt2_thumb_only             0x00000209   Thumb Code     0  __scatter.o(!!!scatter)
    __scatterload_null                       0x00000217   Thumb Code     0  __scatter.o(!!!scatter)
    __scatterload_copy                       0x0000023d   Thumb Code    26  __scatter_copy.o(!!handler_copy)
    __scatterload_zeroinit                   0x00000259   Thumb Code    28  __scatter_zi.o(!!handler_zi)
    _printf_ll                               0x00000275   Thumb Code     0  _printf_ll.o(.ARM.Collect$$_printf_percent$$00000007)
    _printf_percent                          0x00000275   Thumb Code     0  _printf_percent.o(.ARM.Collect$$_printf_percent$$00000000)
    _printf_llu                              0x0000027f   Thumb Code     0  _printf_llu.o(.ARM.Collect$$_printf_percent$$0000000F)
    _printf_percent_end                      0x00000285   Thumb Code     0  _printf_percent_end.o(.ARM.Collect$$_printf_percent$$00000017)
    __rt_lib_init                            0x00000289   Thumb Code     0  libinit.o(.ARM.Collect$$libinit$$00000000)
    __rt_lib_init_fp_1                       0x0000028b   Thumb Code     0  libinit2.o(.ARM.Collect$$libinit$$00000001)
    __rt_lib_init_heap_1                     0x0000028f   Thumb Code     0  libinit2.o(.ARM.Collect$$libinit$$0000000A)
    __rt_lib_init_lc_common                  0x0000028f   Thumb Code     0  libinit2.o(.ARM.Collect$$libinit$$0000000F)
    __rt_lib_init_preinit_1                  0x0000028f   Thumb Code     0  libinit2.o(.ARM.Collect$$libinit$$00000004)
    __rt_lib_init_rand_1                     0x0000028f   Thumb Code     0  libinit2.o(.ARM.Collect$$libinit$$0000000E)
    __rt_lib_init_user_alloc_1               0x0000028f   Thumb Code     0  libinit2.o(.ARM.Collect$$libinit$$0000000C)
    __rt_lib_init_lc_collate_1               0x00000295   Thumb Code     0  libinit2.o(.ARM.Collect$$libinit$$00000011)
    __rt_lib_init_lc_ctype_2                 0x00000295   Thumb Code     0  libinit2.o(.ARM.Collect$$libinit$$00000012)
    __rt_lib_init_alloca_1                   0x000002a1   Thumb Code     0  libinit2.o(.ARM.Collect$$libinit$$0000002E)
    __rt_lib_init_argv_1                     0x000002a1   Thumb Code     0  libinit2.o(.ARM.Collect$$libinit$$0000002C)
    __rt_lib_init_atexit_1                   0x000002a1   Thumb Code     0  libinit2.o(.ARM.Collect$$libinit$$0000001B)
    __rt_lib_init_clock_1                    0x000002a1   Thumb Code     0  libinit2.o(.ARM.Collect$$libinit$$00000021)
    __rt_lib_init_cpp_1                      0x000002a1   Thumb Code     0  libinit2.o(.ARM.Collect$$libinit$$00000032)
    __rt_lib_init_exceptions_1               0x000002a1   Thumb Code     0  libinit2.o(.ARM.Collect$$libinit$$00000030)
    __rt_lib_init_fp_trap_1                  0x000002a1   Thumb Code     0  libinit2.o(.ARM.Collect$$libinit$$0000001F)
    __rt_lib_init_getenv_1                   0x000002a1   Thumb Code     0  libinit2.o(.ARM.Collect$$libinit$$00000023)
    __rt_lib_init_lc_ctype_1                 0x000002a1   Thumb Code     0  libinit2.o(.ARM.Collect$$libinit$$00000013)
    __rt_lib_init_lc_monetary_1              0x000002a1   Thumb Code     0  libinit2.o(.ARM.Collect$$libinit$$00000015)
    __rt_lib_init_lc_numeric_1               0x000002a1   Thumb Code     0  libinit2.o(.ARM.Collect$$libinit$$00000017)
    __rt_lib_init_lc_time_1                  0x000002a1   Thumb Code     0  libinit2.o(.ARM.Collect$$libinit$$00000019)
    __rt_lib_init_return                     0x000002a1   Thumb Code     0  libinit2.o(.ARM.Collect$$libinit$$00000033)
    __rt_lib_init_signal_1                   0x000002a1   Thumb Code     0  libinit2.o(.ARM.Collect$$libinit$$0000001D)
    __rt_lib_init_stdio_1                    0x000002a1   Thumb Code     0  libinit2.o(.ARM.Collect$$libinit$$00000025)
    __rt_lib_shutdown                        0x000002a3   Thumb Code     0  libshutdown.o(.ARM.Collect$$libshutdown$$00000000)
    __rt_lib_shutdown_cpp_1                  0x000002a5   Thumb Code     0  libshutdown2.o(.ARM.Collect$$libshutdown$$00000002)
    __rt_lib_shutdown_fp_trap_1              0x000002a5   Thumb Code     0  libshutdown2.o(.ARM.Collect$$libshutdown$$00000007)
    __rt_lib_shutdown_heap_1                 0x000002a5   Thumb Code     0  libshutdown2.o(.ARM.Collect$$libshutdown$$0000000F)
    __rt_lib_shutdown_return                 0x000002a5   Thumb Code     0  libshutdown2.o(.ARM.Collect$$libshutdown$$00000010)
    __rt_lib_shutdown_signal_1               0x000002a5   Thumb Code     0  libshutdown2.o(.ARM.Collect$$libshutdown$$0000000A)
    __rt_lib_shutdown_stdio_1                0x000002a5   Thumb Code     0  libshutdown2.o(.ARM.Collect$$libshutdown$$00000004)
    __rt_lib_shutdown_user_alloc_1           0x000002a5   Thumb Code     0  libshutdown2.o(.ARM.Collect$$libshutdown$$0000000C)
    __rt_entry                               0x000002a7   Thumb Code     0  __rtentry.o(.ARM.Collect$$rtentry$$00000000)
    __rt_entry_presh_1                       0x000002a7   Thumb Code     0  __rtentry2.o(.ARM.Collect$$rtentry$$00000002)
    __rt_entry_sh                            0x000002a7   Thumb Code     0  __rtentry4.o(.ARM.Collect$$rtentry$$00000004)
    __rt_entry_li                            0x000002ad   Thumb Code     0  __rtentry2.o(.ARM.Collect$$rtentry$$0000000A)
    __rt_entry_postsh_1                      0x000002ad   Thumb Code     0  __rtentry2.o(.ARM.Collect$$rtentry$$00000009)
    __rt_entry_main                          0x000002b1   Thumb Code     0  __rtentry2.o(.ARM.Collect$$rtentry$$0000000D)
    __rt_entry_postli_1                      0x000002b1   Thumb Code     0  __rtentry2.o(.ARM.Collect$$rtentry$$0000000C)
    __rt_exit                                0x000002b9   Thumb Code     0  rtexit.o(.ARM.Collect$$rtexit$$00000000)
    __rt_exit_ls                             0x000002bb   Thumb Code     0  rtexit2.o(.ARM.Collect$$rtexit$$00000003)
    __rt_exit_prels_1                        0x000002bb   Thumb Code     0  rtexit2.o(.ARM.Collect$$rtexit$$00000002)
    __rt_exit_exit                           0x000002bf   Thumb Code     0  rtexit2.o(.ARM.Collect$$rtexit$$00000004)
    SysCtlDelay                              0x000002c5   Thumb Code     6  sysctl.o(.emb_text)
    CPUcpsid                                 0x000002cd   Thumb Code     8  cpu.o(.emb_text)
    CPUprimask                               0x000002d5   Thumb Code     6  cpu.o(.emb_text)
    CPUcpsie                                 0x000002db   Thumb Code     8  cpu.o(.emb_text)
    CPUwfi                                   0x000002e3   Thumb Code     4  cpu.o(.emb_text)
    CPUbasepriSet                            0x000002e7   Thumb Code     6  cpu.o(.emb_text)
    CPUbasepriGet                            0x000002ed   Thumb Code     6  cpu.o(.emb_text)
    Reset_Handler                            0x000002f5   Thumb Code     8  startup_tm4c129.o(.text)
    NMI_Handler                              0x000002fd   Thumb Code     2  startup_tm4c129.o(.text)
    HardFault_Handler                        0x000002ff   Thumb Code     2  startup_tm4c129.o(.text)
    MemManage_Handler                        0x00000301   Thumb Code     2  startup_tm4c129.o(.text)
    BusFault_Handler                         0x00000303   Thumb Code     2  startup_tm4c129.o(.text)
    UsageFault_Handler                       0x00000305   Thumb Code     2  startup_tm4c129.o(.text)
    SVC_Handler                              0x00000307   Thumb Code     2  startup_tm4c129.o(.text)
    DebugMon_Handler                         0x00000309   Thumb Code     2  startup_tm4c129.o(.text)
    PendSV_Handler                           0x0000030b   Thumb Code     2  startup_tm4c129.o(.text)
    GPIOA_Handler                            0x0000030f   Thumb Code     2  startup_tm4c129.o(.text)
    GPIOB_Handler                            0x00000311   Thumb Code     2  startup_tm4c129.o(.text)
    GPIOC_Handler                            0x00000313   Thumb Code     2  startup_tm4c129.o(.text)
    GPIOD_Handler                            0x00000315   Thumb Code     2  startup_tm4c129.o(.text)
    GPIOE_Handler                            0x00000317   Thumb Code     2  startup_tm4c129.o(.text)
    UART1_Handler                            0x0000031b   Thumb Code     2  startup_tm4c129.o(.text)
    SSI0_Handler                             0x0000031d   Thumb Code     2  startup_tm4c129.o(.text)
    I2C0_Handler                             0x0000031f   Thumb Code     2  startup_tm4c129.o(.text)
    PMW0_FAULT_Handler                       0x00000321   Thumb Code     2  startup_tm4c129.o(.text)
    PWM0_0_Handler                           0x00000323   Thumb Code     2  startup_tm4c129.o(.text)
    PWM0_1_Handler                           0x00000325   Thumb Code     2  startup_tm4c129.o(.text)
    PWM0_2_Handler                           0x00000327   Thumb Code     2  startup_tm4c129.o(.text)
    QEI0_Handler                             0x00000329   Thumb Code     2  startup_tm4c129.o(.text)
    ADC0SS0_Handler                          0x0000032b   Thumb Code     2  startup_tm4c129.o(.text)
    ADC0SS1_Handler                          0x0000032d   Thumb Code     2  startup_tm4c129.o(.text)
    ADC0SS2_Handler                          0x0000032f   Thumb Code     2  startup_tm4c129.o(.text)
    ADC0SS3_Handler                          0x00000331   Thumb Code     2  startup_tm4c129.o(.text)
    WDT0_Handler                             0x00000333   Thumb Code     2  startup_tm4c129.o(.text)
    TIMER0A_Handler                          0x00000335   Thumb Code     2  startup_tm4c129.o(.text)
    TIMER0B_Handler                          0x00000337   Thumb Code     2  startup_tm4c129.o(.text)
    TIMER1A_Handler                          0x00000339   Thumb Code     2  startup_tm4c129.o(.text)
    TIMER1B_Handler                          0x0000033b   Thumb Code     2  startup_tm4c129.o(.text)
    TIMER2A_Handler                          0x0000033d   Thumb Code     2  startup_tm4c129.o(.text)
    TIMER2B_Handler                          0x0000033f   Thumb Code     2  startup_tm4c129.o(.text)
    COMP0_Handler                            0x00000341   Thumb Code     2  startup_tm4c129.o(.text)
    COMP1_Handler                            0x00000343   Thumb Code     2  startup_tm4c129.o(.text)
    COMP2_Handler                            0x00000345   Thumb Code     2  startup_tm4c129.o(.text)
    SYSCTL_Handler                           0x00000347   Thumb Code     2  startup_tm4c129.o(.text)
    FLASH_Handler                            0x00000349   Thumb Code     2  startup_tm4c129.o(.text)
    GPIOF_Handler                            0x0000034b   Thumb Code     2  startup_tm4c129.o(.text)
    GPIOG_Handler                            0x0000034d   Thumb Code     2  startup_tm4c129.o(.text)
    GPIOH_Handler                            0x0000034f   Thumb Code     2  startup_tm4c129.o(.text)
    UART2_Handler                            0x00000351   Thumb Code     2  startup_tm4c129.o(.text)
    SSI1_Handler                             0x00000353   Thumb Code     2  startup_tm4c129.o(.text)
    TIMER3A_Handler                          0x00000355   Thumb Code     2  startup_tm4c129.o(.text)
    TIMER3B_Handler                          0x00000357   Thumb Code     2  startup_tm4c129.o(.text)
    I2C1_Handler                             0x00000359   Thumb Code     2  startup_tm4c129.o(.text)
    CAN0_Handler                             0x0000035b   Thumb Code     2  startup_tm4c129.o(.text)
    CAN1_Handler                             0x0000035d   Thumb Code     2  startup_tm4c129.o(.text)
    ETH_Handler                              0x0000035f   Thumb Code     2  startup_tm4c129.o(.text)
    HIB_Handler                              0x00000361   Thumb Code     2  startup_tm4c129.o(.text)
    USB0_Handler                             0x00000363   Thumb Code     2  startup_tm4c129.o(.text)
    PWM0_3_Handler                           0x00000365   Thumb Code     2  startup_tm4c129.o(.text)
    UDMA_Handler                             0x00000367   Thumb Code     2  startup_tm4c129.o(.text)
    UDMAERR_Handler                          0x00000369   Thumb Code     2  startup_tm4c129.o(.text)
    ADC1SS0_Handler                          0x0000036b   Thumb Code     2  startup_tm4c129.o(.text)
    ADC1SS1_Handler                          0x0000036d   Thumb Code     2  startup_tm4c129.o(.text)
    ADC1SS2_Handler                          0x0000036f   Thumb Code     2  startup_tm4c129.o(.text)
    ADC1SS3_Handler                          0x00000371   Thumb Code     2  startup_tm4c129.o(.text)
    EBI0_Handler                             0x00000373   Thumb Code     2  startup_tm4c129.o(.text)
    GPIOJ_Handler                            0x00000375   Thumb Code     2  startup_tm4c129.o(.text)
    GPIOK_Handler                            0x00000377   Thumb Code     2  startup_tm4c129.o(.text)
    GPIOL_Handler                            0x00000379   Thumb Code     2  startup_tm4c129.o(.text)
    SSI2_Handler                             0x0000037b   Thumb Code     2  startup_tm4c129.o(.text)
    SSI3_Handler                             0x0000037d   Thumb Code     2  startup_tm4c129.o(.text)
    UART3_Handler                            0x0000037f   Thumb Code     2  startup_tm4c129.o(.text)
    UART4_Handler                            0x00000381   Thumb Code     2  startup_tm4c129.o(.text)
    UART5_Handler                            0x00000383   Thumb Code     2  startup_tm4c129.o(.text)
    UART6_Handler                            0x00000385   Thumb Code     2  startup_tm4c129.o(.text)
    UART7_Handler                            0x00000387   Thumb Code     2  startup_tm4c129.o(.text)
    I2C2_Handler                             0x00000389   Thumb Code     2  startup_tm4c129.o(.text)
    I2C3_Handler                             0x0000038b   Thumb Code     2  startup_tm4c129.o(.text)
    TIMER4A_Handler                          0x0000038d   Thumb Code     2  startup_tm4c129.o(.text)
    TIMER4B_Handler                          0x0000038f   Thumb Code     2  startup_tm4c129.o(.text)
    TIMER5A_Handler                          0x00000391   Thumb Code     2  startup_tm4c129.o(.text)
    TIMER5B_Handler                          0x00000393   Thumb Code     2  startup_tm4c129.o(.text)
    WTIMER0A_Handler                         0x00000395   Thumb Code     2  startup_tm4c129.o(.text)
    WTIMER0B_Handler                         0x00000397   Thumb Code     2  startup_tm4c129.o(.text)
    WTIMER1A_Handler                         0x00000399   Thumb Code     2  startup_tm4c129.o(.text)
    WTIMER1B_Handler                         0x0000039b   Thumb Code     2  startup_tm4c129.o(.text)
    WTIMER2A_Handler                         0x0000039d   Thumb Code     2  startup_tm4c129.o(.text)
    WTIMER2B_Handler                         0x0000039f   Thumb Code     2  startup_tm4c129.o(.text)
    WTIMER3A_Handler                         0x000003a1   Thumb Code     2  startup_tm4c129.o(.text)
    WTIMER3B_Handler                         0x000003a3   Thumb Code     2  startup_tm4c129.o(.text)
    WTIMER4A_Handler                         0x000003a5   Thumb Code     2  startup_tm4c129.o(.text)
    WTIMER4B_Handler                         0x000003a7   Thumb Code     2  startup_tm4c129.o(.text)
    WTIMER5A_Handler                         0x000003a9   Thumb Code     2  startup_tm4c129.o(.text)
    WTIMER5B_Handler                         0x000003ab   Thumb Code     2  startup_tm4c129.o(.text)
    FPU_Handler                              0x000003ad   Thumb Code     2  startup_tm4c129.o(.text)
    I2C4_Handler                             0x000003af   Thumb Code     2  startup_tm4c129.o(.text)
    I2C5_Handler                             0x000003b1   Thumb Code     2  startup_tm4c129.o(.text)
    GPIOM_Handler                            0x000003b3   Thumb Code     2  startup_tm4c129.o(.text)
    GPION_Handler                            0x000003b5   Thumb Code     2  startup_tm4c129.o(.text)
    TAMPER_Handler                           0x000003b7   Thumb Code     2  startup_tm4c129.o(.text)
    GPIOP0_Handler                           0x000003b9   Thumb Code     2  startup_tm4c129.o(.text)
    GPIOP1_Handler                           0x000003bb   Thumb Code     2  startup_tm4c129.o(.text)
    GPIOP2_Handler                           0x000003bd   Thumb Code     2  startup_tm4c129.o(.text)
    GPIOP3_Handler                           0x000003bf   Thumb Code     2  startup_tm4c129.o(.text)
    GPIOP4_Handler                           0x000003c1   Thumb Code     2  startup_tm4c129.o(.text)
    GPIOP5_Handler                           0x000003c3   Thumb Code     2  startup_tm4c129.o(.text)
    GPIOP6_Handler                           0x000003c5   Thumb Code     2  startup_tm4c129.o(.text)
    GPIOP7_Handler                           0x000003c7   Thumb Code     2  startup_tm4c129.o(.text)
    GPIOQ0_Handler                           0x000003c9   Thumb Code     2  startup_tm4c129.o(.text)
    GPIOQ1_Handler                           0x000003cb   Thumb Code     2  startup_tm4c129.o(.text)
    GPIOQ2_Handler                           0x000003cd   Thumb Code     2  startup_tm4c129.o(.text)
    GPIOQ3_Handler                           0x000003cf   Thumb Code     2  startup_tm4c129.o(.text)
    GPIOQ4_Handler                           0x000003d1   Thumb Code     2  startup_tm4c129.o(.text)
    GPIOQ5_Handler                           0x000003d3   Thumb Code     2  startup_tm4c129.o(.text)
    GPIOQ6_Handler                           0x000003d5   Thumb Code     2  startup_tm4c129.o(.text)
    GPIOQ7_Handler                           0x000003d7   Thumb Code     2  startup_tm4c129.o(.text)
    GPIOR_Handler                            0x000003d9   Thumb Code     2  startup_tm4c129.o(.text)
    GPIOS_Handler                            0x000003db   Thumb Code     2  startup_tm4c129.o(.text)
    SHAMD5_Handler                           0x000003dd   Thumb Code     2  startup_tm4c129.o(.text)
    AES_Handler                              0x000003df   Thumb Code     2  startup_tm4c129.o(.text)
    DES3DES_Handler                          0x000003e1   Thumb Code     2  startup_tm4c129.o(.text)
    LCDCONTROLLER_Handler                    0x000003e3   Thumb Code     2  startup_tm4c129.o(.text)
    TIMER6A_Handler                          0x000003e5   Thumb Code     2  startup_tm4c129.o(.text)
    TIMER6B_Handler                          0x000003e7   Thumb Code     2  startup_tm4c129.o(.text)
    TIMER7A_Handler                          0x000003e9   Thumb Code     2  startup_tm4c129.o(.text)
    TIMER7B_Handler                          0x000003eb   Thumb Code     2  startup_tm4c129.o(.text)
    I2C6_Handler                             0x000003ed   Thumb Code     2  startup_tm4c129.o(.text)
    I2C7_Handler                             0x000003ef   Thumb Code     2  startup_tm4c129.o(.text)
    HIMSCANKEYBOARD_Handler                  0x000003f1   Thumb Code     2  startup_tm4c129.o(.text)
    ONEWIRE_Handler                          0x000003f3   Thumb Code     2  startup_tm4c129.o(.text)
    HIMPS2_Handler                           0x000003f5   Thumb Code     2  startup_tm4c129.o(.text)
    HIMLEDSEQUENCER_Handler                  0x000003f7   Thumb Code     2  startup_tm4c129.o(.text)
    HIMCONSUMERIR_Handler                    0x000003f9   Thumb Code     2  startup_tm4c129.o(.text)
    I2C8_Handler                             0x000003fb   Thumb Code     2  startup_tm4c129.o(.text)
    I2C9_Handler                             0x000003fd   Thumb Code     2  startup_tm4c129.o(.text)
    GPIOT_Handler                            0x000003ff   Thumb Code     2  startup_tm4c129.o(.text)
    __user_initial_stackheap                 0x00000401   Thumb Code     0  startup_tm4c129.o(.text)
    __aeabi_uldivmod                         0x00000421   Thumb Code     0  lludivv7m.o(.text)
    _ll_udiv                                 0x00000421   Thumb Code   238  lludivv7m.o(.text)
    __2sprintf                               0x00000511   Thumb Code    34  noretval__2sprintf.o(.text)
    _printf_longlong_dec                     0x00000539   Thumb Code   108  _printf_longlong_dec.o(.text)
    __printf                                 0x000005b5   Thumb Code   184  __printf_ss.o(.text)
    strchr                                   0x0000066d   Thumb Code    20  strchr.o(.text)
    strpbrk                                  0x00000681   Thumb Code    30  strpbrk.o(.text)
    strncasecmp                              0x0000069f   Thumb Code    50  strncasecmp.o(.text)
    strncmp                                  0x000006d1   Thumb Code   150  strncmp.o(.text)
    __aeabi_memcpy4                          0x00000767   Thumb Code     0  rt_memcpy_w.o(.text)
    __aeabi_memcpy8                          0x00000767   Thumb Code     0  rt_memcpy_w.o(.text)
    __rt_memcpy_w                            0x00000767   Thumb Code   100  rt_memcpy_w.o(.text)
    _memcpy_lastbytes_aligned                0x000007af   Thumb Code     0  rt_memcpy_w.o(.text)
    __use_two_region_memory                  0x000007cb   Thumb Code     2  heapauxi.o(.text)
    __rt_heap_escrow$2region                 0x000007cd   Thumb Code     2  heapauxi.o(.text)
    __rt_heap_expand$2region                 0x000007cf   Thumb Code     2  heapauxi.o(.text)
    _ll_udiv10                               0x000007d1   Thumb Code   138  lludiv10.o(.text)
    tolower                                  0x0000085b   Thumb Code    26  tolower.o(.text)
    _printf_int_common                       0x00000875   Thumb Code   178  _printf_intcommon.o(.text)
    _printf_char_common                      0x00000933   Thumb Code    32  _printf_char_common.o(.text)
    _sputc                                   0x00000959   Thumb Code    10  _sputc.o(.text)
    __rt_ctype_table                         0x00000965   Thumb Code    16  rt_ctype_table.o(.text)
    __user_setup_stackheap                   0x00000975   Thumb Code    74  sys_stackheap_outer.o(.text)
    __rt_locale                              0x000009c1   Thumb Code     8  rt_locale_intlibspace.o(.text)
    exit                                     0x000009c9   Thumb Code    18  exit.o(.text)
    __user_libspace                          0x000009dd   Thumb Code     8  libspace.o(.text)
    __user_perproc_libspace                  0x000009dd   Thumb Code     0  libspace.o(.text)
    __user_perthread_libspace                0x000009dd   Thumb Code     0  libspace.o(.text)
    strcmp                                   0x000009e5   Thumb Code   128  strcmpv7m.o(.text)
    _sys_exit                                0x00000a65   Thumb Code     8  sys_exit.o(.text)
    __I$use$semihosting                      0x00000a71   Thumb Code     0  use_no_semi.o(.text)
    __use_no_semihosting_swi                 0x00000a71   Thumb Code     2  use_no_semi.o(.text)
    Delay                                    0x00000a73   Thumb Code    12  exp2-1.o(i.Delay)
    __semihosting_library_function           0x00000a73   Thumb Code     0  indicate_semi.o(.text)
    EEPROMInit                               0x00000a81   Thumb Code    60  eeprom.o(i.EEPROMInit)
    EEPROMProgram                            0x00000ac5   Thumb Code   334  eeprom.o(i.EEPROMProgram)
    EEPROMRead                               0x00000c29   Thumb Code    48  eeprom.o(i.EEPROMRead)
    GPIODirModeSet                           0x00000c5d   Thumb Code    40  gpio.o(i.GPIODirModeSet)
    GPIOPadConfigSet                         0x00000c85   Thumb Code   312  gpio.o(i.GPIOPadConfigSet)
    GPIOPinConfigure                         0x00000dbd   Thumb Code    60  gpio.o(i.GPIOPinConfigure)
    GPIOPinRead                              0x00000e01   Thumb Code     6  gpio.o(i.GPIOPinRead)
    GPIOPinTypeGPIOInput                     0x00000e07   Thumb Code    28  gpio.o(i.GPIOPinTypeGPIOInput)
    GPIOPinTypeGPIOOutput                    0x00000e23   Thumb Code    28  gpio.o(i.GPIOPinTypeGPIOOutput)
    GPIOPinTypeI2C                           0x00000e3f   Thumb Code    28  gpio.o(i.GPIOPinTypeI2C)
    GPIOPinTypeI2CSCL                        0x00000e5b   Thumb Code    28  gpio.o(i.GPIOPinTypeI2CSCL)
    GPIOPinTypePWM                           0x00000e77   Thumb Code    28  gpio.o(i.GPIOPinTypePWM)
    GPIOPinTypeQEI                           0x00000e93   Thumb Code    28  gpio.o(i.GPIOPinTypeQEI)
    GPIOPinTypeUART                          0x00000eaf   Thumb Code    28  gpio.o(i.GPIOPinTypeUART)
    GPIOPinWrite                             0x00000ecb   Thumb Code     6  gpio.o(i.GPIOPinWrite)
    I2C0_ReadByte                            0x00000ed1   Thumb Code   122  exp2-1.o(i.I2C0_ReadByte)
    I2C0_WriteByte                           0x00000f51   Thumb Code   110  exp2-1.o(i.I2C0_WriteByte)
    I2CMasterBusBusy                         0x00000fc5   Thumb Code    12  i2c.o(i.I2CMasterBusBusy)
    I2CMasterBusy                            0x00000fd1   Thumb Code    12  i2c.o(i.I2CMasterBusy)
    I2CMasterControl                         0x00000fdd   Thumb Code     4  i2c.o(i.I2CMasterControl)
    I2CMasterDataGet                         0x00000fe1   Thumb Code     4  i2c.o(i.I2CMasterDataGet)
    I2CMasterDataPut                         0x00000fe5   Thumb Code     4  i2c.o(i.I2CMasterDataPut)
    I2CMasterEnable                          0x00000fe9   Thumb Code    10  i2c.o(i.I2CMasterEnable)
    I2CMasterErr                             0x00000ff3   Thumb Code    24  i2c.o(i.I2CMasterErr)
    I2CMasterInitExpClk                      0x0000100d   Thumb Code    72  i2c.o(i.I2CMasterInitExpClk)
    I2CMasterSlaveAddrSet                    0x00001061   Thumb Code     8  i2c.o(i.I2CMasterSlaveAddrSet)
    IntEnable                                0x00001069   Thumb Code    92  interrupt.o(i.IntEnable)
    IntMasterEnable                          0x000010cd   Thumb Code    14  interrupt.o(i.IntMasterEnable)
    PWMGenConfigure                          0x000010db   Thumb Code    38  pwm.o(i.PWMGenConfigure)
    PWMGenEnable                             0x00001101   Thumb Code    10  pwm.o(i.PWMGenEnable)
    PWMGenPeriodSet                          0x0000110b   Thumb Code    18  pwm.o(i.PWMGenPeriodSet)
    PWMOutputState                           0x0000111d   Thumb Code    16  pwm.o(i.PWMOutputState)
    PWMPulseWidthSet                         0x0000112d   Thumb Code    32  pwm.o(i.PWMPulseWidthSet)
    QEIConfigure                             0x0000114d   Thumb Code    14  qei.o(i.QEIConfigure)
    QEIDirectionGet                          0x0000115b   Thumb Code    16  qei.o(i.QEIDirectionGet)
    QEIEnable                                0x0000116b   Thumb Code    10  qei.o(i.QEIEnable)
    QEIPositionGet                           0x00001175   Thumb Code     4  qei.o(i.QEIPositionGet)
    S800_GPIO_Init                           0x00001179   Thumb Code    72  exp2-1.o(i.S800_GPIO_Init)
    S800_I2C0_Init                           0x000011cd   Thumb Code   122  exp2-1.o(i.S800_I2C0_Init)
    S800_Int_Init                            0x00001265   Thumb Code    48  exp2-1.o(i.S800_Int_Init)
    S800_PWM_Init                            0x0000129d   Thumb Code   130  exp2-1.o(i.S800_PWM_Init)
    S800_QEI_Init                            0x00001339   Thumb Code    90  exp2-1.o(i.S800_QEI_Init)
    S800_UART_Init                           0x000013ad   Thumb Code    74  exp2-1.o(i.S800_UART_Init)
    SysCtlClockFreqSet                       0x0000141d   Thumb Code   706  sysctl.o(i.SysCtlClockFreqSet)
    SysCtlPWMClockSet                        0x00001709   Thumb Code    14  sysctl.o(i.SysCtlPWMClockSet)
    SysCtlPeripheralEnable                   0x0000171d   Thumb Code    36  sysctl.o(i.SysCtlPeripheralEnable)
    SysCtlPeripheralReady                    0x00001745   Thumb Code    40  sysctl.o(i.SysCtlPeripheralReady)
    SysCtlPeripheralReset                    0x00001771   Thumb Code    56  sysctl.o(i.SysCtlPeripheralReset)
    SysCtlReset                              0x000017ad   Thumb Code     8  sysctl.o(i.SysCtlReset)
    SysTickEnable                            0x000017bd   Thumb Code    14  systick.o(i.SysTickEnable)
    SysTickIntEnable                         0x000017cb   Thumb Code    14  systick.o(i.SysTickIntEnable)
    SysTickPeriodSet                         0x000017d9   Thumb Code    10  systick.o(i.SysTickPeriodSet)
    SysTick_Handler                          0x000017e5   Thumb Code  6230  exp2-1.o(i.SysTick_Handler)
    SystemInit                               0x00003125   Thumb Code    20  system_tm4c129.o(i.SystemInit)
    UART0_Handler                            0x00003145   Thumb Code    68  exp2-1.o(i.UART0_Handler)
    UARTCharGetNonBlocking                   0x00003191   Thumb Code    16  uart.o(i.UARTCharGetNonBlocking)
    UARTCharPut                              0x000031a1   Thumb Code    12  uart.o(i.UARTCharPut)
    UARTCharsAvail                           0x000031ad   Thumb Code    10  uart.o(i.UARTCharsAvail)
    UARTConfigSetExpClk                      0x000031b7   Thumb Code   110  uart.o(i.UARTConfigSetExpClk)
    UARTIntClear                             0x00003225   Thumb Code     4  uart.o(i.UARTIntClear)
    UARTIntEnable                            0x00003229   Thumb Code     8  uart.o(i.UARTIntEnable)
    UARTIntStatus                            0x00003231   Thumb Code    10  uart.o(i.UARTIntStatus)
    UARTStringPut                            0x0000323d   Thumb Code    24  exp2-1.o(i.UARTStringPut)
    addTenMilliseconds                       0x00003259   Thumb Code   208  exp2-1.o(i.addTenMilliseconds)
    convertNumberToChar                      0x00003331   Thumb Code    26  exp2-1.o(i.convertNumberToChar)
    flash_seg                                0x0000334d   Thumb Code    78  exp2-1.o(i.flash_seg)
    getSegmentDisplayControlWord             0x000033a1   Thumb Code    54  exp2-1.o(i.getSegmentDisplayControlWord)
    getTimeFromTimestamp                     0x00003431   Thumb Code   324  exp2-1.o(i.getTimeFromTimestamp)
    getTimestampFromTime                     0x00003581   Thumb Code   294  exp2-1.o(i.getTimestampFromTime)
    isLeapYear                               0x000036bd   Thumb Code    52  exp2-1.o(i.isLeapYear)
    main                                     0x000036f1   Thumb Code   330  exp2-1.o(i.main)
    minusTenMilliseconds                     0x00003865   Thumb Code   146  exp2-1.o(i.minusTenMilliseconds)
    readNumberFromString                     0x00003901   Thumb Code    70  exp2-1.o(i.readNumberFromString)
    segmentDisplayBlink                      0x00003947   Thumb Code    66  exp2-1.o(i.segmentDisplayBlink)
    updateSolarTermsTimestamp                0x00003989   Thumb Code   158  exp2-1.o(i.updateSolarTermsTimestamp)
    _get_lc_ctype                            0x00003a31   Thumb Code    44  lc_ctype_c.o(locale$$code)
    _fp_init                                 0x00003a5d   Thumb Code    10  fpinit.o(x$fpl$fpinit)
    __fplib_config_fpu_vfp                   0x00003a65   Thumb Code     0  fpinit.o(x$fpl$fpinit)
    __fplib_config_pureend_doubles           0x00003a65   Thumb Code     0  fpinit.o(x$fpl$fpinit)
    daysInMonth                              0x00003a68   Data          24  exp2-1.o(.constdata)
    daysInMonthInLeapYear                    0x00003a80   Data          24  exp2-1.o(.constdata)
    daysInYear                               0x00003a98   Data           2  exp2-1.o(.constdata)
    daysInLeapYear                           0x00003a9a   Data           2  exp2-1.o(.constdata)
    solarTermsTimestampIn2021                0x00003aa0   Data         192  exp2-1.o(.constdata)
    notes                                    0x00003b60   Data        3280  exp2-1.o(.constdata)
    motor_control                            0x00004830   Data           8  exp2-1.o(.constdata)
    noteFrequency                            0x00004838   Data         216  exp2-1.o(.constdata)
    Region$$Table$$Base                      0x00004e98   Number         0  anon$$obj.o(Region$$Table)
    Region$$Table$$Limit                     0x00004eb8   Number         0  anon$$obj.o(Region$$Table)
    __ctype                                  0x00004ec5   Data           0  lc_ctype_c.o(locale$$data)
    ui32SysClock                             0x20000000   Data           4  exp2-1.o(.data)
    motor_control_phase                      0x20000004   Data           1  exp2-1.o(.data)
    SystemCoreClock                          0x20000040   Data           4  system_tm4c129.o(.data)
    peripheralDeviceInput                    0x20000048   Data         112  exp2-1.o(.bss)
    peripheralDeviceOutput                   0x200000b8   Data          20  exp2-1.o(.bss)
    __libspace_start                         0x20000348   Data          96  libspace.o(.bss)
    __temporary_stack_top$libspace           0x200003a8   Data           0  libspace.o(.bss)



==============================================================================

Memory Map of the image

  Image Entry point : 0x00000201

  Load Region LR_IROM1 (Base: 0x00000000, Size: 0x0000500c, Max: 0x00100000, ABSOLUTE)

    Execution Region ER_IROM1 (Base: 0x00000000, Size: 0x00004fc8, Max: 0x00100000, ABSOLUTE)

    Base Addr    Size         Type   Attr      Idx    E Section Name        Object

    0x00000000   0x00000200   Data   RO          218    RESET               startup_tm4c129.o
    0x00000200   0x00000008   Code   RO         2307  * !!!main             c_w.l(__main.o)
    0x00000208   0x00000034   Code   RO         2500    !!!scatter          c_w.l(__scatter.o)
    0x0000023c   0x0000001a   Code   RO         2502    !!handler_copy      c_w.l(__scatter_copy.o)
    0x00000256   0x00000002   PAD
    0x00000258   0x0000001c   Code   RO         2504    !!handler_zi        c_w.l(__scatter_zi.o)
    0x00000274   0x00000000   Code   RO         2293    .ARM.Collect$$_printf_percent$$00000000  c_w.l(_printf_percent.o)
    0x00000274   0x0000000a   Code   RO         2325    .ARM.Collect$$_printf_percent$$00000007  c_w.l(_printf_ll.o)
    0x0000027e   0x00000006   Code   RO         2294    .ARM.Collect$$_printf_percent$$0000000F  c_w.l(_printf_llu.o)
    0x00000284   0x00000004   Code   RO         2324    .ARM.Collect$$_printf_percent$$00000017  c_w.l(_printf_percent_end.o)
    0x00000288   0x00000002   Code   RO         2368    .ARM.Collect$$libinit$$00000000  c_w.l(libinit.o)
    0x0000028a   0x00000004   Code   RO         2382    .ARM.Collect$$libinit$$00000001  c_w.l(libinit2.o)
    0x0000028e   0x00000000   Code   RO         2385    .ARM.Collect$$libinit$$00000004  c_w.l(libinit2.o)
    0x0000028e   0x00000000   Code   RO         2388    .ARM.Collect$$libinit$$0000000A  c_w.l(libinit2.o)
    0x0000028e   0x00000000   Code   RO         2390    .ARM.Collect$$libinit$$0000000C  c_w.l(libinit2.o)
    0x0000028e   0x00000000   Code   RO         2392    .ARM.Collect$$libinit$$0000000E  c_w.l(libinit2.o)
    0x0000028e   0x00000006   Code   RO         2393    .ARM.Collect$$libinit$$0000000F  c_w.l(libinit2.o)
    0x00000294   0x00000000   Code   RO         2395    .ARM.Collect$$libinit$$00000011  c_w.l(libinit2.o)
    0x00000294   0x0000000c   Code   RO         2396    .ARM.Collect$$libinit$$00000012  c_w.l(libinit2.o)
    0x000002a0   0x00000000   Code   RO         2397    .ARM.Collect$$libinit$$00000013  c_w.l(libinit2.o)
    0x000002a0   0x00000000   Code   RO         2399    .ARM.Collect$$libinit$$00000015  c_w.l(libinit2.o)
    0x000002a0   0x00000000   Code   RO         2401    .ARM.Collect$$libinit$$00000017  c_w.l(libinit2.o)
    0x000002a0   0x00000000   Code   RO         2403    .ARM.Collect$$libinit$$00000019  c_w.l(libinit2.o)
    0x000002a0   0x00000000   Code   RO         2405    .ARM.Collect$$libinit$$0000001B  c_w.l(libinit2.o)
    0x000002a0   0x00000000   Code   RO         2407    .ARM.Collect$$libinit$$0000001D  c_w.l(libinit2.o)
    0x000002a0   0x00000000   Code   RO         2409    .ARM.Collect$$libinit$$0000001F  c_w.l(libinit2.o)
    0x000002a0   0x00000000   Code   RO         2411    .ARM.Collect$$libinit$$00000021  c_w.l(libinit2.o)
    0x000002a0   0x00000000   Code   RO         2413    .ARM.Collect$$libinit$$00000023  c_w.l(libinit2.o)
    0x000002a0   0x00000000   Code   RO         2415    .ARM.Collect$$libinit$$00000025  c_w.l(libinit2.o)
    0x000002a0   0x00000000   Code   RO         2419    .ARM.Collect$$libinit$$0000002C  c_w.l(libinit2.o)
    0x000002a0   0x00000000   Code   RO         2421    .ARM.Collect$$libinit$$0000002E  c_w.l(libinit2.o)
    0x000002a0   0x00000000   Code   RO         2423    .ARM.Collect$$libinit$$00000030  c_w.l(libinit2.o)
    0x000002a0   0x00000000   Code   RO         2425    .ARM.Collect$$libinit$$00000032  c_w.l(libinit2.o)
    0x000002a0   0x00000002   Code   RO         2426    .ARM.Collect$$libinit$$00000033  c_w.l(libinit2.o)
    0x000002a2   0x00000002   Code   RO         2457    .ARM.Collect$$libshutdown$$00000000  c_w.l(libshutdown.o)
    0x000002a4   0x00000000   Code   RO         2483    .ARM.Collect$$libshutdown$$00000002  c_w.l(libshutdown2.o)
    0x000002a4   0x00000000   Code   RO         2485    .ARM.Collect$$libshutdown$$00000004  c_w.l(libshutdown2.o)
    0x000002a4   0x00000000   Code   RO         2488    .ARM.Collect$$libshutdown$$00000007  c_w.l(libshutdown2.o)
    0x000002a4   0x00000000   Code   RO         2491    .ARM.Collect$$libshutdown$$0000000A  c_w.l(libshutdown2.o)
    0x000002a4   0x00000000   Code   RO         2493    .ARM.Collect$$libshutdown$$0000000C  c_w.l(libshutdown2.o)
    0x000002a4   0x00000000   Code   RO         2496    .ARM.Collect$$libshutdown$$0000000F  c_w.l(libshutdown2.o)
    0x000002a4   0x00000002   Code   RO         2497    .ARM.Collect$$libshutdown$$00000010  c_w.l(libshutdown2.o)
    0x000002a6   0x00000000   Code   RO         2309    .ARM.Collect$$rtentry$$00000000  c_w.l(__rtentry.o)
    0x000002a6   0x00000000   Code   RO         2327    .ARM.Collect$$rtentry$$00000002  c_w.l(__rtentry2.o)
    0x000002a6   0x00000006   Code   RO         2339    .ARM.Collect$$rtentry$$00000004  c_w.l(__rtentry4.o)
    0x000002ac   0x00000000   Code   RO         2329    .ARM.Collect$$rtentry$$00000009  c_w.l(__rtentry2.o)
    0x000002ac   0x00000004   Code   RO         2330    .ARM.Collect$$rtentry$$0000000A  c_w.l(__rtentry2.o)
    0x000002b0   0x00000000   Code   RO         2332    .ARM.Collect$$rtentry$$0000000C  c_w.l(__rtentry2.o)
    0x000002b0   0x00000008   Code   RO         2333    .ARM.Collect$$rtentry$$0000000D  c_w.l(__rtentry2.o)
    0x000002b8   0x00000002   Code   RO         2372    .ARM.Collect$$rtexit$$00000000  c_w.l(rtexit.o)
    0x000002ba   0x00000000   Code   RO         2430    .ARM.Collect$$rtexit$$00000002  c_w.l(rtexit2.o)
    0x000002ba   0x00000004   Code   RO         2431    .ARM.Collect$$rtexit$$00000003  c_w.l(rtexit2.o)
    0x000002be   0x00000006   Code   RO         2432    .ARM.Collect$$rtexit$$00000004  c_w.l(rtexit2.o)
    0x000002c4   0x00000006   Code   RO         1551    .emb_text           driverlib.lib(sysctl.o)
    0x000002ca   0x00000002   PAD
    0x000002cc   0x00000026   Code   RO         2251    .emb_text           driverlib.lib(cpu.o)
    0x000002f2   0x00000002   PAD
    0x000002f4   0x0000012c   Code   RO          219    .text               startup_tm4c129.o
    0x00000420   0x000000ee   Code   RO         2263    .text               c_w.l(lludivv7m.o)
    0x0000050e   0x00000002   PAD
    0x00000510   0x00000028   Code   RO         2267    .text               c_w.l(noretval__2sprintf.o)
    0x00000538   0x0000007c   Code   RO         2271    .text               c_w.l(_printf_longlong_dec.o)
    0x000005b4   0x000000b8   Code   RO         2276    .text               c_w.l(__printf_ss.o)
    0x0000066c   0x00000014   Code   RO         2295    .text               c_w.l(strchr.o)
    0x00000680   0x0000001e   Code   RO         2297    .text               c_w.l(strpbrk.o)
    0x0000069e   0x00000032   Code   RO         2299    .text               c_w.l(strncasecmp.o)
    0x000006d0   0x00000096   Code   RO         2301    .text               c_w.l(strncmp.o)
    0x00000766   0x00000064   Code   RO         2303    .text               c_w.l(rt_memcpy_w.o)
    0x000007ca   0x00000006   Code   RO         2305    .text               c_w.l(heapauxi.o)
    0x000007d0   0x0000008a   Code   RO         2314    .text               c_w.l(lludiv10.o)
    0x0000085a   0x0000001a   Code   RO         2316    .text               c_w.l(tolower.o)
    0x00000874   0x000000b2   Code   RO         2318    .text               c_w.l(_printf_intcommon.o)
    0x00000926   0x00000002   PAD
    0x00000928   0x00000030   Code   RO         2320    .text               c_w.l(_printf_char_common.o)
    0x00000958   0x0000000a   Code   RO         2322    .text               c_w.l(_sputc.o)
    0x00000962   0x00000002   PAD
    0x00000964   0x00000010   Code   RO         2341    .text               c_w.l(rt_ctype_table.o)
    0x00000974   0x0000004a   Code   RO         2347    .text               c_w.l(sys_stackheap_outer.o)
    0x000009be   0x00000002   PAD
    0x000009c0   0x00000008   Code   RO         2352    .text               c_w.l(rt_locale_intlibspace.o)
    0x000009c8   0x00000012   Code   RO         2357    .text               c_w.l(exit.o)
    0x000009da   0x00000002   PAD
    0x000009dc   0x00000008   Code   RO         2369    .text               c_w.l(libspace.o)
    0x000009e4   0x00000080   Code   RO         2380    .text               c_w.l(strcmpv7m.o)
    0x00000a64   0x0000000c   Code   RO         2427    .text               c_w.l(sys_exit.o)
    0x00000a70   0x00000002   Code   RO         2446    .text               c_w.l(use_no_semi.o)
    0x00000a72   0x00000000   Code   RO         2448    .text               c_w.l(indicate_semi.o)
    0x00000a72   0x0000000c   Code   RO            1    i.Delay             exp2-1.o
    0x00000a7e   0x00000002   PAD
    0x00000a80   0x00000044   Code   RO          286    i.EEPROMInit        driverlib.lib(eeprom.o)
    0x00000ac4   0x00000164   Code   RO          292    i.EEPROMProgram     driverlib.lib(eeprom.o)
    0x00000c28   0x00000034   Code   RO          294    i.EEPROMRead        driverlib.lib(eeprom.o)
    0x00000c5c   0x00000028   Code   RO          428    i.GPIODirModeSet    driverlib.lib(gpio.o)
    0x00000c84   0x00000138   Code   RO          440    i.GPIOPadConfigSet  driverlib.lib(gpio.o)
    0x00000dbc   0x00000044   Code   RO          441    i.GPIOPinConfigure  driverlib.lib(gpio.o)
    0x00000e00   0x00000006   Code   RO          442    i.GPIOPinRead       driverlib.lib(gpio.o)
    0x00000e06   0x0000001c   Code   RO          451    i.GPIOPinTypeGPIOInput  driverlib.lib(gpio.o)
    0x00000e22   0x0000001c   Code   RO          452    i.GPIOPinTypeGPIOOutput  driverlib.lib(gpio.o)
    0x00000e3e   0x0000001c   Code   RO          455    i.GPIOPinTypeI2C    driverlib.lib(gpio.o)
    0x00000e5a   0x0000001c   Code   RO          456    i.GPIOPinTypeI2CSCL  driverlib.lib(gpio.o)
    0x00000e76   0x0000001c   Code   RO          459    i.GPIOPinTypePWM    driverlib.lib(gpio.o)
    0x00000e92   0x0000001c   Code   RO          460    i.GPIOPinTypeQEI    driverlib.lib(gpio.o)
    0x00000eae   0x0000001c   Code   RO          464    i.GPIOPinTypeUART   driverlib.lib(gpio.o)
    0x00000eca   0x00000006   Code   RO          470    i.GPIOPinWrite      driverlib.lib(gpio.o)
    0x00000ed0   0x00000080   Code   RO            2    i.I2C0_ReadByte     exp2-1.o
    0x00000f50   0x00000074   Code   RO            3    i.I2C0_WriteByte    exp2-1.o
    0x00000fc4   0x0000000c   Code   RO          743    i.I2CMasterBusBusy  driverlib.lib(i2c.o)
    0x00000fd0   0x0000000c   Code   RO          744    i.I2CMasterBusy     driverlib.lib(i2c.o)
    0x00000fdc   0x00000004   Code   RO          745    i.I2CMasterControl  driverlib.lib(i2c.o)
    0x00000fe0   0x00000004   Code   RO          746    i.I2CMasterDataGet  driverlib.lib(i2c.o)
    0x00000fe4   0x00000004   Code   RO          747    i.I2CMasterDataPut  driverlib.lib(i2c.o)
    0x00000fe8   0x0000000a   Code   RO          749    i.I2CMasterEnable   driverlib.lib(i2c.o)
    0x00000ff2   0x00000018   Code   RO          750    i.I2CMasterErr      driverlib.lib(i2c.o)
    0x0000100a   0x00000002   PAD
    0x0000100c   0x00000054   Code   RO          752    i.I2CMasterInitExpClk  driverlib.lib(i2c.o)
    0x00001060   0x00000008   Code   RO          762    i.I2CMasterSlaveAddrSet  driverlib.lib(i2c.o)
    0x00001068   0x00000064   Code   RO         1071    i.IntEnable         driverlib.lib(interrupt.o)
    0x000010cc   0x0000000e   Code   RO         1074    i.IntMasterEnable   driverlib.lib(interrupt.o)
    0x000010da   0x00000026   Code   RO         1194    i.PWMGenConfigure   driverlib.lib(pwm.o)
    0x00001100   0x0000000a   Code   RO         1196    i.PWMGenEnable      driverlib.lib(pwm.o)
    0x0000110a   0x00000012   Code   RO         1209    i.PWMGenPeriodSet   driverlib.lib(pwm.o)
    0x0000111c   0x00000010   Code   RO         1216    i.PWMOutputState    driverlib.lib(pwm.o)
    0x0000112c   0x00000020   Code   RO         1219    i.PWMPulseWidthSet  driverlib.lib(pwm.o)
    0x0000114c   0x0000000e   Code   RO         1419    i.QEIConfigure      driverlib.lib(qei.o)
    0x0000115a   0x00000010   Code   RO         1420    i.QEIDirectionGet   driverlib.lib(qei.o)
    0x0000116a   0x0000000a   Code   RO         1422    i.QEIEnable         driverlib.lib(qei.o)
    0x00001174   0x00000004   Code   RO         1433    i.QEIPositionGet    driverlib.lib(qei.o)
    0x00001178   0x00000054   Code   RO            4    i.S800_GPIO_Init    exp2-1.o
    0x000011cc   0x00000098   Code   RO            5    i.S800_I2C0_Init    exp2-1.o
    0x00001264   0x00000038   Code   RO            6    i.S800_Int_Init     exp2-1.o
    0x0000129c   0x0000009c   Code   RO            7    i.S800_PWM_Init     exp2-1.o
    0x00001338   0x00000074   Code   RO            8    i.S800_QEI_Init     exp2-1.o
    0x000013ac   0x00000070   Code   RO            9    i.S800_UART_Init    exp2-1.o
    0x0000141c   0x000002ec   Code   RO         1553    i.SysCtlClockFreqSet  driverlib.lib(sysctl.o)
    0x00001708   0x00000014   Code   RO         1580    i.SysCtlPWMClockSet  driverlib.lib(sysctl.o)
    0x0000171c   0x00000028   Code   RO         1585    i.SysCtlPeripheralEnable  driverlib.lib(sysctl.o)
    0x00001744   0x0000002c   Code   RO         1589    i.SysCtlPeripheralReady  driverlib.lib(sysctl.o)
    0x00001770   0x0000003c   Code   RO         1590    i.SysCtlPeripheralReset  driverlib.lib(sysctl.o)
    0x000017ac   0x00000010   Code   RO         1593    i.SysCtlReset       driverlib.lib(sysctl.o)
    0x000017bc   0x0000000e   Code   RO         1894    i.SysTickEnable     driverlib.lib(systick.o)
    0x000017ca   0x0000000e   Code   RO         1896    i.SysTickIntEnable  driverlib.lib(systick.o)
    0x000017d8   0x0000000a   Code   RO         1900    i.SysTickPeriodSet  driverlib.lib(systick.o)
    0x000017e2   0x00000002   PAD
    0x000017e4   0x00001940   Code   RO           10    i.SysTick_Handler   exp2-1.o
    0x00003124   0x00000020   Code   RO          228    i.SystemInit        system_tm4c129.o
    0x00003144   0x0000004c   Code   RO           11    i.UART0_Handler     exp2-1.o
    0x00003190   0x00000010   Code   RO         1963    i.UARTCharGetNonBlocking  driverlib.lib(uart.o)
    0x000031a0   0x0000000c   Code   RO         1964    i.UARTCharPut       driverlib.lib(uart.o)
    0x000031ac   0x0000000a   Code   RO         1966    i.UARTCharsAvail    driverlib.lib(uart.o)
    0x000031b6   0x0000006e   Code   RO         1970    i.UARTConfigSetExpClk  driverlib.lib(uart.o)
    0x00003224   0x00000004   Code   RO         1983    i.UARTIntClear      driverlib.lib(uart.o)
    0x00003228   0x00000008   Code   RO         1985    i.UARTIntEnable     driverlib.lib(uart.o)
    0x00003230   0x0000000a   Code   RO         1987    i.UARTIntStatus     driverlib.lib(uart.o)
    0x0000323a   0x00000002   PAD
    0x0000323c   0x0000001c   Code   RO           12    i.UARTStringPut     exp2-1.o
    0x00003258   0x000000d8   Code   RO           13    i.addTenMilliseconds  exp2-1.o
    0x00003330   0x0000001a   Code   RO           14    i.convertNumberToChar  exp2-1.o
    0x0000334a   0x00000002   PAD
    0x0000334c   0x00000054   Code   RO           15    i.flash_seg         exp2-1.o
    0x000033a0   0x00000090   Code   RO           16    i.getSegmentDisplayControlWord  exp2-1.o
    0x00003430   0x00000150   Code   RO           17    i.getTimeFromTimestamp  exp2-1.o
    0x00003580   0x0000013c   Code   RO           18    i.getTimestampFromTime  exp2-1.o
    0x000036bc   0x00000034   Code   RO           19    i.isLeapYear        exp2-1.o
    0x000036f0   0x00000174   Code   RO           20    i.main              exp2-1.o
    0x00003864   0x0000009c   Code   RO           21    i.minusTenMilliseconds  exp2-1.o
    0x00003900   0x00000046   Code   RO           22    i.readNumberFromString  exp2-1.o
    0x00003946   0x00000042   Code   RO           23    i.segmentDisplayBlink  exp2-1.o
    0x00003988   0x000000a8   Code   RO           24    i.updateSolarTermsTimestamp  exp2-1.o
    0x00003a30   0x0000002c   Code   RO         2355    locale$$code        c_w.l(lc_ctype_c.o)
    0x00003a5c   0x0000000a   Code   RO         2442    x$fpl$fpinit        fz_wm.l(fpinit.o)
    0x00003a66   0x00000002   PAD
    0x00003a68   0x00000ea8   Data   RO           26    .constdata          exp2-1.o
    0x00004910   0x00000228   Data   RO          472    .constdata          driverlib.lib(gpio.o)
    0x00004b38   0x0000010c   Data   RO         1087    .constdata          driverlib.lib(interrupt.o)
    0x00004c44   0x00000254   Data   RO         1607    .constdata          driverlib.lib(sysctl.o)
    0x00004e98   0x00000020   Data   RO         2498    Region$$Table       anon$$obj.o
    0x00004eb8   0x00000110   Data   RO         2354    locale$$data        c_w.l(lc_ctype_c.o)


    Execution Region RW_IRAM1 (Base: 0x20000000, Size: 0x000005a8, Max: 0x00040000, ABSOLUTE)

    Base Addr    Size         Type   Attr      Idx    E Section Name        Object

    0x20000000   0x00000040   Data   RW           27    .data               exp2-1.o
    0x20000040   0x00000004   Data   RW          229    .data               system_tm4c129.o
    0x20000044   0x00000004   PAD
    0x20000048   0x00000300   Zero   RW           25    .bss                exp2-1.o
    0x20000348   0x00000060   Zero   RW         2370    .bss                c_w.l(libspace.o)
    0x200003a8   0x00000000   Zero   RW          217    HEAP                startup_tm4c129.o
    0x200003a8   0x00000200   Zero   RW          216    STACK               startup_tm4c129.o


==============================================================================

Image component sizes


      Code (inc. data)   RO Data    RW Data    ZI Data      Debug   Object Name

      9506        900       3752         64        768      25242   exp2-1.o
       300         22        512          0        512       6020   startup_tm4c129.o
        32         12          0          4          0        679   system_tm4c129.o

    ----------------------------------------------------------------------
      9842        934       4296         68       1284      31941   Object Totals
         0          0         32          0          0          0   (incl. Generated)
         4          0          0          0          4          0   (incl. Padding)

    ----------------------------------------------------------------------

      Code (inc. data)   RO Data    RW Data    ZI Data      Debug   Library Member Name

         8          0          0          0          0         68   __main.o
       184          0          0          0          0         84   __printf_ss.o
         0          0          0          0          0          0   __rtentry.o
        12          0          0          0          0          0   __rtentry2.o
         6          0          0          0          0          0   __rtentry4.o
        52          8          0          0          0          0   __scatter.o
        26          0          0          0          0          0   __scatter_copy.o
        28          0          0          0          0          0   __scatter_zi.o
        48          6          0          0          0         96   _printf_char_common.o
       178          0          0          0          0         88   _printf_intcommon.o
        10          0          0          0          0          0   _printf_ll.o
         6          0          0          0          0          0   _printf_llu.o
       124         16          0          0          0         92   _printf_longlong_dec.o
         0          0          0          0          0          0   _printf_percent.o
         4          0          0          0          0          0   _printf_percent_end.o
        10          0          0          0          0         68   _sputc.o
        18          0          0          0          0         80   exit.o
         6          0          0          0          0        152   heapauxi.o
         0          0          0          0          0          0   indicate_semi.o
        44         10        272          0          0         76   lc_ctype_c.o
         2          0          0          0          0          0   libinit.o
        24          0          0          0          0          0   libinit2.o
         2          0          0          0          0          0   libshutdown.o
         2          0          0          0          0          0   libshutdown2.o
         8          4          0          0         96         68   libspace.o
       138          0          0          0          0         80   lludiv10.o
       238          0          0          0          0        100   lludivv7m.o
        40          6          0          0          0         84   noretval__2sprintf.o
        16          4          0          0          0         76   rt_ctype_table.o
         8          4          0          0          0         68   rt_locale_intlibspace.o
       100          0          0          0          0         80   rt_memcpy_w.o
         2          0          0          0          0          0   rtexit.o
        10          0          0          0          0          0   rtexit2.o
        20          0          0          0          0         68   strchr.o
       128          0          0          0          0         68   strcmpv7m.o
        50          0          0          0          0         84   strncasecmp.o
       150          0          0          0          0         80   strncmp.o
        30          0          0          0          0         76   strpbrk.o
        12          4          0          0          0         68   sys_exit.o
        74          0          0          0          0         80   sys_stackheap_outer.o
        26          0          0          0          0         76   tolower.o
         2          0          0          0          0         68   use_no_semi.o
        38          0          0          0          0        560   cpu.o
       476         34          0          0          0       3246   eeprom.o
       628          8        552          0          0       8508   gpio.o
       162         12          0          0          0       5710   i2c.o
       114          8        268          0          0       2038   interrupt.o
       114          0          0          0          0       2855   pwm.o
        44          0          0          0          0       2046   qei.o
       934         68        596          0          0       7284   sysctl.o
        38          0          0          0          0       1394   systick.o
       170          0          0          0          0       4826   uart.o
        10          0          0          0          0        116   fpinit.o

    ----------------------------------------------------------------------
      4598        192       1688          0         96      40611   Library Totals
        24          0          0          0          0          0   (incl. Padding)

    ----------------------------------------------------------------------

      Code (inc. data)   RO Data    RW Data    ZI Data      Debug   Library Name

      1846         62        272          0         96       2028   c_w.l
      2718        130       1416          0          0      38467   driverlib.lib
        10          0          0          0          0        116   fz_wm.l

    ----------------------------------------------------------------------
      4598        192       1688          0         96      40611   Library Totals

    ----------------------------------------------------------------------

==============================================================================


      Code (inc. data)   RO Data    RW Data    ZI Data      Debug   

     14440       1126       5984         68       1380      64460   Grand Totals
     14440       1126       5984         68       1380      64460   ELF Image Totals
     14440       1126       5984         68          0          0   ROM Totals

==============================================================================

    Total RO  Size (Code + RO Data)                20424 (  19.95kB)
    Total RW  Size (RW Data + ZI Data)              1448 (   1.41kB)
    Total ROM Size (Code + RO Data + RW Data)      20492 (  20.01kB)

==============================================================================

